Component: ARM Compiler 5.05 update 1 (build 106) Tool: armlink [4d0efa]

==============================================================================

Section Cross References

    main.o(i.LEDTask) refers to briupbaseperiph.o(i.setLed) for setLed
    main.o(i.LEDTask) refers to briupdelay.o(i._delay_ms) for _delay_ms
    main.o(i.LEDTask) refers to briupbaseperiph.o(i.resetLed) for resetLed
    main.o(i.main) refers to noretval__2printf.o(.text) for __2printf
    main.o(i.main) refers to briupdelay.o(i._delay_ms) for _delay_ms
    main.o(i.main) refers to main.o(i.mp3DevicesInit) for mp3DevicesInit
    main.o(i.main) refers to briupbaseperiph.o(i.setLed) for setLed
    main.o(i.main) refers to briuplcd.o(i.briupLcdFastDrawDirection) for briupLcdFastDrawDirection
    main.o(i.main) refers to briupfontdraw.o(i.briupFontDrawText) for briupFontDrawText
    main.o(i.main) refers to os_core.o(i.OSInit) for OSInit
    main.o(i.main) refers to os_task.o(i.OSTaskCreate) for OSTaskCreate
    main.o(i.main) refers to os_core.o(i.OSStart) for OSStart
    main.o(i.main) refers to briupbaseperiph.o(i.resetLed) for resetLed
    main.o(i.main) refers to main.o(.bss) for START_TASK_STACK
    main.o(i.main) refers to main.o(i.startTask) for startTask
    main.o(i.mp3DevicesInit) refers to briupnvic.o(i.briupNVICGroupInit) for briupNVICGroupInit
    main.o(i.mp3DevicesInit) refers to briupdelay.o(i._delay_init) for _delay_init
    main.o(i.mp3DevicesInit) refers to briupbaseperiph.o(i.basePeriphInit) for basePeriphInit
    main.o(i.mp3DevicesInit) refers to briupexsram.o(i.FSMC_SRAM_init) for FSMC_SRAM_init
    main.o(i.mp3DevicesInit) refers to briupusart.o(i.briupUsart1Init) for briupUsart1Init
    main.o(i.mp3DevicesInit) refers to briuplcd.o(i.briupLcdInit) for briupLcdInit
    main.o(i.mp3DevicesInit) refers to briuptouch.o(i.tp_init) for tp_init
    main.o(i.mp3DevicesInit) refers to briupsdio.o(i.SD_Init) for SD_Init
    main.o(i.mp3DevicesInit) refers to noretval__2printf.o(.text) for __2printf
    main.o(i.mp3DevicesInit) refers to ff.o(i.f_mount) for f_mount
    main.o(i.mp3DevicesInit) refers to briupfontdraw.o(i.briupFontInit) for briupFontInit
    main.o(i.mp3DevicesInit) refers to main.o(.bss) for fs
    main.o(i.startTask) refers to briupdelay.o(i._delay_os_start) for _delay_os_start
    main.o(i.startTask) refers to os_cpu_a.o(.text) for OS_CPU_SR_Save
    main.o(i.startTask) refers to os_task.o(i.OSTaskCreate) for OSTaskCreate
    main.o(i.startTask) refers to os_task.o(i.OSTaskSuspend) for OSTaskSuspend
    main.o(i.startTask) refers to main.o(.bss) for LED_TASK_STACK
    main.o(i.startTask) refers to main.o(i.LEDTask) for LEDTask
    main.o(i.startTask) refers to musicplayer.o(.ARM.__AT_0x68100000) for MUSIC_TASK_STACK
    main.o(i.startTask) refers to musicplayer.o(i.musicPlayerTask) for musicPlayerTask
    main.o(i.startTask) refers to musicui.o(.ARM.__AT_0x68110000) for MUI_TASK_STACK
    main.o(i.startTask) refers to musicui.o(i.musicUITask) for musicUITask
    main.o(i.startTask) refers to musiccontrol.o(.ARM.__AT_0x68120000) for MCTRL_TASK_STACK
    main.o(i.startTask) refers to musiccontrol.o(i.musicControlTask) for musicControlTask
    briupfontdraw.o(i.briupFontDrawGbkFont) refers to os_cpu_a.o(.text) for OS_CPU_SR_Save
    briupfontdraw.o(i.briupFontDrawGbkFont) refers to ff.o(i.f_lseek) for f_lseek
    briupfontdraw.o(i.briupFontDrawGbkFont) refers to ff.o(i.f_read) for f_read
    briupfontdraw.o(i.briupFontDrawGbkFont) refers to briuplcd.o(i.briupLcdFastDrawPoint) for briupLcdFastDrawPoint
    briupfontdraw.o(i.briupFontDrawGbkFont) refers to briupfontdraw.o(.bss) for briupFontBase
    briupfontdraw.o(i.briupFontDrawText) refers to briupfontdraw.o(i.briupFontDrawGbkFont) for briupFontDrawGbkFont
    briupfontdraw.o(i.briupFontDrawText) refers to briuplcd.o(i.briupLcdShowChar) for briupLcdShowChar
    briupfontdraw.o(i.briupFontGetBGColor) refers to briupfontdraw.o(.bss) for briupFontBase
    briupfontdraw.o(i.briupFontInit) refers to ff.o(i.f_open) for f_open
    briupfontdraw.o(i.briupFontInit) refers to briupfontdraw.o(.bss) for briupFontBase
    briupfontdraw.o(i.briupFontInit) refers to briupfontdraw.o(.constdata) for GBK16_PATH
    musicplayer.o(i.musicPlayerTask) refers to _printf_percent.o(.ARM.Collect$$_printf_percent$$00000000) for _printf_percent
    musicplayer.o(i.musicPlayerTask) refers to _printf_d.o(.ARM.Collect$$_printf_percent$$00000009) for _printf_d
    musicplayer.o(i.musicPlayerTask) refers to _printf_dec.o(.text) for _printf_int_dec
    musicplayer.o(i.musicPlayerTask) refers to _printf_s.o(.ARM.Collect$$_printf_percent$$00000014) for _printf_s
    musicplayer.o(i.musicPlayerTask) refers to _printf_str.o(.text) for _printf_str
    musicplayer.o(i.musicPlayerTask) refers to noretval__2printf.o(.text) for __2printf
    musicplayer.o(i.musicPlayerTask) refers to ff.o(i.f_opendir) for f_opendir
[...]
    CID_Tab                                  0x20000ed0   Data          16  briupsdio.o(.bss)
    .bss                                     0x20001138   Section    43520  malloc.o(.bss)
    .bss                                     0x2000bb38   Section     2688  os_core.o(.bss)
    .bss                                     0x2000c5b8   Section       96  libspace.o(.bss)
    HEAP                                     0x2000c618   Section      512  startup_stm32f10x_hd.o(HEAP)
    Heap_Mem                                 0x2000c618   Data         512  startup_stm32f10x_hd.o(HEAP)
    STACK                                    0x2000c818   Section     1024  startup_stm32f10x_hd.o(STACK)
    Stack_Mem                                0x2000c818   Data        1024  startup_stm32f10x_hd.o(STACK)
    __initial_sp                             0x2000cc18   Data           0  startup_stm32f10x_hd.o(STACK)
    .ARM.__AT_0x68000000                     0x68000000   Section    204800  malloc.o(.ARM.__AT_0x68000000)
    .ARM.__AT_0x68032000                     0x68032000   Section    12800  malloc.o(.ARM.__AT_0x68032000)
    .ARM.__AT_0x68100000                     0x68100000   Section     8192  musicplayer.o(.ARM.__AT_0x68100000)
    .ARM.__AT_0x68110000                     0x68110000   Section    20480  musicui.o(.ARM.__AT_0x68110000)
    .ARM.__AT_0x68120000                     0x68120000   Section     8192  musiccontrol.o(.ARM.__AT_0x68120000)

    Global Symbols

    Symbol Name                              Value     Ov Type        Size  Object(Section)

    BuildAttributes$$THM_ISAv4$P$D$K$B$S$PE$A:L22UL41UL21$X:L11$S22US41US21$IEEE1$IW$USESV6$~STKCKD$USESV7$~SHL$OTIME$ROPI$IEEEX$EBA8$UX$STANDARDLIB$REQ8$PRES8$EABIv2 0x00000000   Number         0  anon$$obj.o ABSOLUTE
    __ARM_use_no_argv                        0x00000000   Number         0  main.o ABSOLUTE
    _printf_flags                            0x00000000   Number         0  printf_stubs.o ABSOLUTE
    _printf_return_value                     0x00000000   Number         0  printf_stubs.o ABSOLUTE
    _printf_sizespec                         0x00000000   Number         0  printf_stubs.o ABSOLUTE
    _printf_widthprec                        0x00000000   Number         0  printf_stubs.o ABSOLUTE
    __ARM_exceptions_init                     - Undefined Weak Reference
    __alloca_initialize                       - Undefined Weak Reference
    __arm_preinit_                            - Undefined Weak Reference
    __cpp_initialize__aeabi_                  - Undefined Weak Reference
    __cxa_finalize                            - Undefined Weak Reference
    __sigvec_lookup                           - Undefined Weak Reference
    _atexit_init                              - Undefined Weak Reference
    _call_atexit_fns                          - Undefined Weak Reference
    _clock_init                               - Undefined Weak Reference
    _fp_trap_init                             - Undefined Weak Reference
    _fp_trap_shutdown                         - Undefined Weak Reference
    _get_lc_collate                           - Undefined Weak Reference
    _get_lc_ctype                             - Undefined Weak Reference
    _get_lc_monetary                          - Undefined Weak Reference
    _get_lc_time                              - Undefined Weak Reference
    _getenv_init                              - Undefined Weak Reference
    _handle_redirection                       - Undefined Weak Reference
    _init_alloc                               - Undefined Weak Reference
    _init_user_alloc                          - Undefined Weak Reference
    _initio                                   - Undefined Weak Reference
    _mutex_acquire                            - Undefined Weak Reference
    _mutex_release                            - Undefined Weak Reference
    _printf_mbtowc                            - Undefined Weak Reference
    _printf_truncate_signed                   - Undefined Weak Reference
    _printf_truncate_unsigned                 - Undefined Weak Reference
    _rand_init                                - Undefined Weak Reference
    _signal_finish                            - Undefined Weak Reference
    _signal_init                              - Undefined Weak Reference
    _terminate_alloc                          - Undefined Weak Reference
    _terminate_user_alloc                     - Undefined Weak Reference
    _terminateio                              - Undefined Weak Reference
    __Vectors_Size                           0x00000130   Number         0  startup_stm32f10x_hd.o ABSOLUTE
    __Vectors                                0x08000000   Data           4  startup_stm32f10x_hd.o(RESET)
    __Vectors_End                            0x08000130   Data           0  startup_stm32f10x_hd.o(RESET)
    __main                                   0x08000131   Thumb Code     8  __main.o(!!!main)
    __scatterload                            0x08000139   Thumb Code     0  __scatter.o(!!!scatter)
    __scatterload_rt2                        0x08000139   Thumb Code    44  __scatter.o(!!!scatter)
    __scatterload_rt2_thumb_only             0x08000139   Thumb Code     0  __scatter.o(!!!scatter)
    __scatterload_null                       0x08000147   Thumb Code     0  __scatter.o(!!!scatter)
    __scatterload_copy                       0x0800016d   Thumb Code    26  __scatter_copy.o(!!handler_copy)
    __scatterload_zeroinit                   0x08000189   Thumb Code    28  __scatter_zi.o(!!handler_zi)
    _printf_f                                0x080001a5   Thumb Code     0  _printf_f.o(.ARM.Collect$$_printf_percent$$00000003)
    _printf_percent                          0x080001a5   Thumb Code     0  _printf_percent.o(.ARM.Collect$$_printf_percent$$00000000)
    _printf_d                                0x080001ab   Thumb Code     0  _printf_d.o(.ARM.Collect$$_printf_percent$$00000009)
    _printf_x                                0x080001b1   Thumb Code     0  _printf_x.o(.ARM.Collect$$_printf_percent$$0000000C)
    _printf_c                                0x080001b7   Thumb Code     0  _printf_c.o(.ARM.Collect$$_printf_percent$$00000013)
    _printf_s                                0x080001bd   Thumb Code     0  _printf_s.o(.ARM.Collect$$_printf_percent$$00000014)
    _printf_percent_end                      0x080001c3   Thumb Code     0  _printf_percent_end.o(.ARM.Collect$$_printf_percent$$00000017)
    __rt_lib_init                            0x080001c7   Thumb Code     0  libinit.o(.ARM.Collect$$libinit$$00000000)
    __rt_lib_init_fp_1                       0x080001c9   Thumb Code     0  libinit2.o(.ARM.Collect$$libinit$$00000002)
    __rt_lib_init_heap_1                     0x080001c9   Thumb Code     0  libinit2.o(.ARM.Collect$$libinit$$0000000A)
    __rt_lib_init_lc_common                  0x080001c9   Thumb Code     0  libinit2.o(.ARM.Collect$$libinit$$0000000F)
    __rt_lib_init_preinit_1                  0x080001c9   Thumb Code     0  libinit2.o(.ARM.Collect$$libinit$$00000004)
    __rt_lib_init_rand_1                     0x080001c9   Thumb Code     0  libinit2.o(.ARM.Collect$$libinit$$0000000E)
    __rt_lib_init_user_alloc_1               0x080001c9   Thumb Code     0  libinit2.o(.ARM.Collect$$libinit$$0000000C)
    __rt_lib_init_lc_collate_1               0x080001cf   Thumb Code     0  libinit2.o(.ARM.Collect$$libinit$$00000011)
    __rt_lib_init_lc_ctype_1                 0x080001cf   Thumb Code     0  libinit2.o(.ARM.Collect$$libinit$$00000013)
    __rt_lib_init_lc_monetary_1              0x080001cf   Thumb Code     0  libinit2.o(.ARM.Collect$$libinit$$00000015)
    __rt_lib_init_lc_numeric_2               0x080001cf   Thumb Code     0  libinit2.o(.ARM.Collect$$libinit$$00000016)
    __rt_lib_init_alloca_1                   0x080001d9   Thumb Code     0  libinit2.o(.ARM.Collect$$libinit$$0000002E)
    __rt_lib_init_argv_1                     0x080001d9   Thumb Code     0  libinit2.o(.ARM.Collect$$libinit$$0000002C)
    __rt_lib_init_atexit_1                   0x080001d9   Thumb Code     0  libinit2.o(.ARM.Collect$$libinit$$0000001B)
    __rt_lib_init_clock_1                    0x080001d9   Thumb Code     0  libinit2.o(.ARM.Collect$$libinit$$00000021)
    __rt_lib_init_cpp_1                      0x080001d9   Thumb Code     0  libinit2.o(.ARM.Collect$$libinit$$00000032)
    __rt_lib_init_exceptions_1               0x080001d9   Thumb Code     0  libinit2.o(.ARM.Collect$$libinit$$00000030)
    __rt_lib_init_fp_trap_1                  0x080001d9   Thumb Code     0  libinit2.o(.ARM.Collect$$libinit$$0000001F)
    __rt_lib_init_getenv_1                   0x080001d9   Thumb Code     0  libinit2.o(.ARM.Collect$$libinit$$00000023)
    __rt_lib_init_lc_numeric_1               0x080001d9   Thumb Code     0  libinit2.o(.ARM.Collect$$libinit$$00000017)
    __rt_lib_init_lc_time_1                  0x080001d9   Thumb Code     0  libinit2.o(.ARM.Collect$$libinit$$00000019)
    __rt_lib_init_return                     0x080001d9   Thumb Code     0  libinit2.o(.ARM.Collect$$libinit$$00000033)
    __rt_lib_init_signal_1                   0x080001d9   Thumb Code     0  libinit2.o(.ARM.Collect$$libinit$$0000001D)
    __rt_lib_init_stdio_1                    0x080001d9   Thumb Code     0  libinit2.o(.ARM.Collect$$libinit$$00000025)
    __rt_lib_shutdown                        0x080001db   Thumb Code     0  libshutdown.o(.ARM.Collect$$libshutdown$$00000000)
    __rt_lib_shutdown_fp_trap_1              0x080001dd   Thumb Code     0  libshutdown2.o(.ARM.Collect$$libshutdown$$00000006)
    __rt_lib_shutdown_heap_1                 0x080001dd   Thumb Code     0  libshutdown2.o(.ARM.Collect$$libshutdown$$0000000E)
    __rt_lib_shutdown_return                 0x080001dd   Thumb Code     0  libshutdown2.o(.ARM.Collect$$libshutdown$$0000000F)
    __rt_lib_shutdown_signal_1               0x080001dd   Thumb Code     0  libshutdown2.o(.ARM.Collect$$libshutdown$$00000009)
    __rt_lib_shutdown_stdio_1                0x080001dd   Thumb Code     0  libshutdown2.o(.ARM.Collect$$libshutdown$$00000003)
    __rt_lib_shutdown_user_alloc_1           0x080001dd   Thumb Code     0  libshutdown2.o(.ARM.Collect$$libshutdown$$0000000B)
    __rt_entry                               0x080001df   Thumb Code     0  __rtentry.o(.ARM.Collect$$rtentry$$00000000)
    __rt_entry_presh_1                       0x080001df   Thumb Code     0  __rtentry2.o(.ARM.Collect$$rtentry$$00000002)
    __rt_entry_sh                            0x080001df   Thumb Code     0  __rtentry4.o(.ARM.Collect$$rtentry$$00000004)
    __rt_entry_li                            0x080001e5   Thumb Code     0  __rtentry2.o(.ARM.Collect$$rtentry$$0000000A)
    __rt_entry_postsh_1                      0x080001e5   Thumb Code     0  __rtentry2.o(.ARM.Collect$$rtentry$$00000009)
    __rt_entry_main                          0x080001e9   Thumb Code     0  __rtentry2.o(.ARM.Collect$$rtentry$$0000000D)
    __rt_entry_postli_1                      0x080001e9   Thumb Code     0  __rtentry2.o(.ARM.Collect$$rtentry$$0000000C)
    __rt_exit                                0x080001f1   Thumb Code     0  rtexit.o(.ARM.Collect$$rtexit$$00000000)
    __rt_exit_ls                             0x080001f3   Thumb Code     0  rtexit2.o(.ARM.Collect$$rtexit$$00000003)
    __rt_exit_prels_1                        0x080001f3   Thumb Code     0  rtexit2.o(.ARM.Collect$$rtexit$$00000002)
    __rt_exit_exit                           0x080001f7   Thumb Code     0  rtexit2.o(.ARM.Collect$$rtexit$$00000004)
    Reset_Handler                            0x080001fd   Thumb Code     8  startup_stm32f10x_hd.o(.text)
    NMI_Handler                              0x08000205   Thumb Code     2  startup_stm32f10x_hd.o(.text)
    HardFault_Handler                        0x08000207   Thumb Code     2  startup_stm32f10x_hd.o(.text)
    MemManage_Handler                        0x08000209   Thumb Code     2  startup_stm32f10x_hd.o(.text)
    BusFault_Handler                         0x0800020b   Thumb Code     2  startup_stm32f10x_hd.o(.text)
    UsageFault_Handler                       0x0800020d   Thumb Code     2  startup_stm32f10x_hd.o(.text)
    SVC_Handler                              0x0800020f   Thumb Code     2  startup_stm32f10x_hd.o(.text)
    DebugMon_Handler                         0x08000211   Thumb Code     2  startup_stm32f10x_hd.o(.text)
    ADC1_2_IRQHandler                        0x08000217   Thumb Code     0  startup_stm32f10x_hd.o(.text)
    ADC3_IRQHandler                          0x08000217   Thumb Code     0  startup_stm32f10x_hd.o(.text)
    CAN1_RX1_IRQHandler                      0x08000217   Thumb Code     0  startup_stm32f10x_hd.o(.text)
    CAN1_SCE_IRQHandler                      0x08000217   Thumb Code     0  startup_stm32f10x_hd.o(.text)
    DMA1_Channel1_IRQHandler                 0x08000217   Thumb Code     0  startup_stm32f10x_hd.o(.text)
    DMA1_Channel2_IRQHandler                 0x08000217   Thumb Code     0  startup_stm32f10x_hd.o(.text)
    DMA1_Channel3_IRQHandler                 0x08000217   Thumb Code     0  startup_stm32f10x_hd.o(.text)
    DMA1_Channel4_IRQHandler                 0x08000217   Thumb Code     0  startup_stm32f10x_hd.o(.text)
    DMA1_Channel5_IRQHandler                 0x08000217   Thumb Code     0  startup_stm32f10x_hd.o(.text)
    DMA1_Channel6_IRQHandler                 0x08000217   Thumb Code     0  startup_stm32f10x_hd.o(.text)
    DMA1_Channel7_IRQHandler                 0x08000217   Thumb Code     0  startup_stm32f10x_hd.o(.text)
    DMA2_Channel1_IRQHandler                 0x08000217   Thumb Code     0  startup_stm32f10x_hd.o(.text)
    DMA2_Channel2_IRQHandler                 0x08000217   Thumb Code     0  startup_stm32f10x_hd.o(.text)
    DMA2_Channel3_IRQHandler                 0x08000217   Thumb Code     0  startup_stm32f10x_hd.o(.text)
    DMA2_Channel4_5_IRQHandler               0x08000217   Thumb Code     0  startup_stm32f10x_hd.o(.text)
    EXTI0_IRQHandler                         0x08000217   Thumb Code     0  startup_stm32f10x_hd.o(.text)
    EXTI15_10_IRQHandler                     0x08000217   Thumb Code     0  startup_stm32f10x_hd.o(.text)
    EXTI1_IRQHandler                         0x08000217   Thumb Code     0  startup_stm32f10x_hd.o(.text)
    EXTI2_IRQHandler                         0x08000217   Thumb Code     0  startup_stm32f10x_hd.o(.text)
    EXTI3_IRQHandler                         0x08000217   Thumb Code     0  startup_stm32f10x_hd.o(.text)
    EXTI4_IRQHandler                         0x08000217   Thumb Code     0  startup_stm32f10x_hd.o(.text)
    EXTI9_5_IRQHandler                       0x08000217   Thumb Code     0  startup_stm32f10x_hd.o(.text)
    FLASH_IRQHandler                         0x08000217   Thumb Code     0  startup_stm32f10x_hd.o(.text)
    FSMC_IRQHandler                          0x08000217   Thumb Code     0  startup_stm32f10x_hd.o(.text)
    I2C1_ER_IRQHandler                       0x08000217   Thumb Code     0  startup_stm32f10x_hd.o(.text)
    I2C1_EV_IRQHandler                       0x08000217   Thumb Code     0  startup_stm32f10x_hd.o(.text)
    I2C2_ER_IRQHandler                       0x08000217   Thumb Code     0  startup_stm32f10x_hd.o(.text)
    I2C2_EV_IRQHandler                       0x08000217   Thumb Code     0  startup_stm32f10x_hd.o(.text)
    PVD_IRQHandler                           0x08000217   Thumb Code     0  startup_stm32f10x_hd.o(.text)
    RCC_IRQHandler                           0x08000217   Thumb Code     0  startup_stm32f10x_hd.o(.text)
    RTCAlarm_IRQHandler                      0x08000217   Thumb Code     0  startup_stm32f10x_hd.o(.text)
    RTC_IRQHandler                           0x08000217   Thumb Code     0  startup_stm32f10x_hd.o(.text)
    SPI1_IRQHandler                          0x08000217   Thumb Code     0  startup_stm32f10x_hd.o(.text)
    SPI2_IRQHandler                          0x08000217   Thumb Code     0  startup_stm32f10x_hd.o(.text)
    SPI3_IRQHandler                          0x08000217   Thumb Code     0  startup_stm32f10x_hd.o(.text)
    TAMPER_IRQHandler                        0x08000217   Thumb Code     0  startup_stm32f10x_hd.o(.text)
    TIM1_BRK_IRQHandler                      0x08000217   Thumb Code     0  startup_stm32f10x_hd.o(.text)
    TIM1_CC_IRQHandler                       0x08000217   Thumb Code     0  startup_stm32f10x_hd.o(.text)
    TIM1_TRG_COM_IRQHandler                  0x08000217   Thumb Code     0  startup_stm32f10x_hd.o(.text)
    TIM1_UP_IRQHandler                       0x08000217   Thumb Code     0  startup_stm32f10x_hd.o(.text)
    TIM3_IRQHandler                          0x08000217   Thumb Code     0  startup_stm32f10x_hd.o(.text)
    TIM4_IRQHandler                          0x08000217   Thumb Code     0  startup_stm32f10x_hd.o(.text)
    TIM5_IRQHandler                          0x08000217   Thumb Code     0  startup_stm32f10x_hd.o(.text)
    TIM6_IRQHandler                          0x08000217   Thumb Code     0  startup_stm32f10x_hd.o(.text)
    TIM7_IRQHandler                          0x08000217   Thumb Code     0  startup_stm32f10x_hd.o(.text)
    TIM8_BRK_IRQHandler                      0x08000217   Thumb Code     0  startup_stm32f10x_hd.o(.text)
    TIM8_CC_IRQHandler                       0x08000217   Thumb Code     0  startup_stm32f10x_hd.o(.text)
    TIM8_TRG_COM_IRQHandler                  0x08000217   Thumb Code     0  startup_stm32f10x_hd.o(.text)
    TIM8_UP_IRQHandler                       0x08000217   Thumb Code     0  startup_stm32f10x_hd.o(.text)
    UART4_IRQHandler                         0x08000217   Thumb Code     0  startup_stm32f10x_hd.o(.text)
    UART5_IRQHandler                         0x08000217   Thumb Code     0  startup_stm32f10x_hd.o(.text)
    USART2_IRQHandler                        0x08000217   Thumb Code     0  startup_stm32f10x_hd.o(.text)
    USART3_IRQHandler                        0x08000217   Thumb Code     0  startup_stm32f10x_hd.o(.text)
    USBWakeUp_IRQHandler                     0x08000217   Thumb Code     0  startup_stm32f10x_hd.o(.text)
    USB_HP_CAN1_TX_IRQHandler                0x08000217   Thumb Code     0  startup_stm32f10x_hd.o(.text)
    USB_LP_CAN1_RX0_IRQHandler               0x08000217   Thumb Code     0  startup_stm32f10x_hd.o(.text)
    WWDG_IRQHandler                          0x08000217   Thumb Code     0  startup_stm32f10x_hd.o(.text)
    __user_initial_stackheap                 0x08000219   Thumb Code     0  startup_stm32f10x_hd.o(.text)
    OS_CPU_SR_Save                           0x0800023d   Thumb Code     0  os_cpu_a.o(.text)
    OS_CPU_SR_Restore                        0x08000245   Thumb Code     0  os_cpu_a.o(.text)
    OSStartHighRdy                           0x0800024b   Thumb Code     0  os_cpu_a.o(.text)
    OSCtxSw                                  0x0800026d   Thumb Code     0  os_cpu_a.o(.text)
    OSIntCtxSw                               0x0800027b   Thumb Code     0  os_cpu_a.o(.text)
    PendSV_Handler                           0x0800028b   Thumb Code     0  os_cpu_a.o(.text)
    __2printf                                0x080002f1   Thumb Code    20  noretval__2printf.o(.text)
    _printf_str                              0x08000309   Thumb Code    82  _printf_str.o(.text)
    _printf_int_dec                          0x0800035d   Thumb Code   104  _printf_dec.o(.text)
    _printf_int_hex                          0x080003d5   Thumb Code    84  _printf_hex_int.o(.text)
    _printf_longlong_hex                     0x080003d5   Thumb Code     0  _printf_hex_int.o(.text)
    __printf                                 0x0800042d   Thumb Code   308  __printf_flags_wp.o(.text)
    __aeabi_memcpy                           0x08000565   Thumb Code     0  rt_memcpy_v6.o(.text)
    __rt_memcpy                              0x08000565   Thumb Code   138  rt_memcpy_v6.o(.text)
    _memcpy_lastbytes                        0x080005cb   Thumb Code     0  rt_memcpy_v6.o(.text)
    __use_two_region_memory                  0x080005ef   Thumb Code     2  heapauxi.o(.text)
    __rt_heap_escrow$2region                 0x080005f1   Thumb Code     2  heapauxi.o(.text)
    __rt_heap_expand$2region                 0x080005f3   Thumb Code     2  heapauxi.o(.text)
    __read_errno                             0x080005f5   Thumb Code    10  _rserrno.o(.text)
    __set_errno                              0x080005ff   Thumb Code    12  _rserrno.o(.text)
    _printf_int_common                       0x0800060b   Thumb Code   178  _printf_intcommon.o(.text)
    __lib_sel_fp_printf                      0x080006bd   Thumb Code     2  _printf_fp_dec.o(.text)
    _printf_fp_dec_real                      0x0800086b   Thumb Code   620  _printf_fp_dec.o(.text)
    _printf_cs_common                        0x08000ad7   Thumb Code    20  _printf_char.o(.text)
    _printf_char                             0x08000aeb   Thumb Code    16  _printf_char.o(.text)
    _printf_string                           0x08000afb   Thumb Code     8  _printf_char.o(.text)
    _printf_char_file                        0x08000b05   Thumb Code    32  _printf_char_file.o(.text)
    __aeabi_memcpy4                          0x08000b29   Thumb Code     0  rt_memcpy_w.o(.text)
    __aeabi_memcpy8                          0x08000b29   Thumb Code     0  rt_memcpy_w.o(.text)
    __rt_memcpy_w                            0x08000b29   Thumb Code   100  rt_memcpy_w.o(.text)
    _memcpy_lastbytes_aligned                0x08000b71   Thumb Code     0  rt_memcpy_w.o(.text)
    __rt_locale                              0x08000b8d   Thumb Code     8  rt_locale_intlibspace.o(.text)
    __aeabi_errno_addr                       0x08000b95   Thumb Code     8  rt_errno_addr_intlibspace.o(.text)
    __errno$intlibspace                      0x08000b95   Thumb Code     0  rt_errno_addr_intlibspace.o(.text)
    __rt_errno_addr$intlibspace              0x08000b95   Thumb Code     0  rt_errno_addr_intlibspace.o(.text)
    _ll_udiv10                               0x08000b9d   Thumb Code   138  lludiv10.o(.text)
    _printf_char_common                      0x08000c33   Thumb Code    32  _printf_char_common.o(.text)
    _printf_fp_infnan                        0x08000c59   Thumb Code   112  _printf_fp_infnan.o(.text)
    _btod_etento                             0x08000cd9   Thumb Code   216  bigflt0.o(.text)
    ferror                                   0x08000db5   Thumb Code     8  ferror.o(.text)
    __user_libspace                          0x08000dbd   Thumb Code     8  libspace.o(.text)
    __user_perproc_libspace                  0x08000dbd   Thumb Code     0  libspace.o(.text)
    __user_perthread_libspace                0x08000dbd   Thumb Code     0  libspace.o(.text)
    __user_setup_stackheap                   0x08000dc5   Thumb Code    74  sys_stackheap_outer.o(.text)
    exit                                     0x08000e0f   Thumb Code    12  exit.o(.text)
    strcmp                                   0x08000e1d   Thumb Code   128  strcmpv7m.o(.text)
    _btod_d2e                                0x08000e9d   Thumb Code    62  btod.o(CL$$btod_d2e)
    _d2e_denorm_low                          0x08000edb   Thumb Code    70  btod.o(CL$$btod_d2e_denorm_low)
    _d2e_norm_op1                            0x08000f21   Thumb Code    96  btod.o(CL$$btod_d2e_norm_op1)
    __btod_div_common                        0x08000f81   Thumb Code   696  btod.o(CL$$btod_div_common)
    _e2e                                     0x080012b9   Thumb Code   198  btod.o(CL$$btod_e2e)
    _btod_ediv                               0x0800137f   Thumb Code    40  btod.o(CL$$btod_ediv)
    _btod_emul                               0x080013a7   Thumb Code    40  btod.o(CL$$btod_emul)
    __btod_mult_common                       0x080013cf   Thumb Code   580  btod.o(CL$$btod_mult_common)
    CmdError                                 0x08001615   Thumb Code    48  briupsdio.o(i.CmdError)
    CmdResp1Error                            0x08001649   Thumb Code    82  briupsdio.o(i.CmdResp1Error)
    CmdResp2Error                            0x080016a1   Thumb Code    90  briupsdio.o(i.CmdResp2Error)
    CmdResp3Error                            0x08001701   Thumb Code    52  briupsdio.o(i.CmdResp3Error)
    CmdResp6Error                            0x08001739   Thumb Code   142  briupsdio.o(i.CmdResp6Error)
    CmdResp7Error                            0x080017cd   Thumb Code    82  briupsdio.o(i.CmdResp7Error)
    FSMC_SRAM_init                           0x08001825   Thumb Code   308  briupexsram.o(i.FSMC_SRAM_init)
    FindSCR                                  0x08001981   Thumb Code   326  briupsdio.o(i.FindSCR)
    IsCardProgramming                        0x08001ad1   Thumb Code   134  briupsdio.o(i.IsCardProgramming)
    LCD_RD_DATA                              0x08001b61   Thumb Code     6  briuplcd.o(i.LCD_RD_DATA)
    LCD_WR_DATA                              0x08001b6d   Thumb Code     6  briuplcd.o(i.LCD_WR_DATA)
    LCD_WR_REG                               0x08001b79   Thumb Code     6  briuplcd.o(i.LCD_WR_REG)
    LCD_WriteReg                             0x08001b85   Thumb Code    10  briuplcd.o(i.LCD_WriteReg)
    LEDTask                                  0x08001b95   Thumb Code    32  main.o(i.LEDTask)
    OSInit                                   0x08001bb5   Thumb Code    44  os_core.o(i.OSInit)
    OSInitHookBegin                          0x08001be1   Thumb Code     2  os_cpu_c.o(i.OSInitHookBegin)
    OSInitHookEnd                            0x08001be3   Thumb Code     2  os_cpu_c.o(i.OSInitHookEnd)
    OSIntEnter                               0x08001be5   Thumb Code    28  os_core.o(i.OSIntEnter)
    OSIntExit                                0x08001c09   Thumb Code   112  os_core.o(i.OSIntExit)
    OSStart                                  0x08001c99   Thumb Code    48  os_core.o(i.OSStart)
    OSTCBInitHook                            0x08001ce1   Thumb Code     2  os_cpu_c.o(i.OSTCBInitHook)
    OSTaskCreate                             0x08001ce5   Thumb Code   148  os_task.o(i.OSTaskCreate)
    OSTaskCreateExt                          0x08001d85   Thumb Code   170  os_task.o(i.OSTaskCreateExt)
    OSTaskCreateHook                         0x08001e3d   Thumb Code     2  os_cpu_c.o(i.OSTaskCreateHook)
    OSTaskIdleHook                           0x08001e3f   Thumb Code     2  os_cpu_c.o(i.OSTaskIdleHook)
    OSTaskNameSet                            0x08001e41   Thumb Code    98  os_task.o(i.OSTaskNameSet)
    OSTaskStatHook                           0x08001eb1   Thumb Code     2  os_cpu_c.o(i.OSTaskStatHook)
    OSTaskStkChk                             0x08001eb5   Thumb Code   132  os_task.o(i.OSTaskStkChk)
    OSTaskStkInit                            0x08001f41   Thumb Code   154  os_cpu_c.o(i.OSTaskStkInit)
    OSTaskSuspend                            0x08001fdd   Thumb Code   152  os_task.o(i.OSTaskSuspend)
    OSTaskSwHook                             0x08002085   Thumb Code     2  os_cpu_c.o(i.OSTaskSwHook)
    OSTimeDly                                0x08002089   Thumb Code   100  os_time.o(i.OSTimeDly)
    OSTimeDlyHMSM                            0x08002101   Thumb Code    86  os_time.o(i.OSTimeDlyHMSM)
    OSTimeTick                               0x08002161   Thumb Code   210  os_core.o(i.OSTimeTick)
    OSTimeTickHook                           0x0800224d   Thumb Code     2  os_cpu_c.o(i.OSTimeTickHook)
    OS_FlagInit                              0x08002251   Thumb Code    74  os_flag.o(i.OS_FlagInit)
    OS_MemClr                                0x080024b5   Thumb Code    18  os_core.o(i.OS_MemClr)
    OS_QInit                                 0x080024c9   Thumb Code    72  os_q.o(i.OS_QInit)
    OS_Sched                                 0x08002519   Thumb Code    88  os_core.o(i.OS_Sched)
    OS_TCBInit                               0x080025b9   Thumb Code   278  os_core.o(i.OS_TCBInit)
    OS_TaskIdle                              0x080026ed   Thumb Code    34  os_core.o(i.OS_TaskIdle)
    OS_TaskStat                              0x08002715   Thumb Code   116  os_core.o(i.OS_TaskStat)
    OS_TaskStatStkChk                        0x0800279d   Thumb Code    54  os_core.o(i.OS_TaskStatStkChk)
    OS_TaskStkClr                            0x080027d9   Thumb Code    26  os_task.o(i.OS_TaskStkClr)
    SDEnWideBus                              0x080027f5   Thumb Code   118  briupsdio.o(i.SDEnWideBus)
    SDIO_Clock_Set                           0x08002875   Thumb Code    22  briupsdio.o(i.SDIO_Clock_Set)
    SDIO_IRQHandler                          0x08002891   Thumb Code     8  briupsdio.o(i.SDIO_IRQHandler)
    SDIO_Send_Cmd                            0x08002899   Thumb Code    58  briupsdio.o(i.SDIO_Send_Cmd)
    SDIO_Send_Data_Cfg                       0x080028d9   Thumb Code    68  briupsdio.o(i.SDIO_Send_Data_Cfg)
    SD_DMA_Config                            0x08002921   Thumb Code   142  briupsdio.o(i.SD_DMA_Config)
    SD_EnableWideBusOperation                0x080029b9   Thumb Code    94  briupsdio.o(i.SD_EnableWideBusOperation)
    SD_GetCardInfo                           0x08002a21   Thumb Code   772  briupsdio.o(i.SD_GetCardInfo)
    SD_Init                                  0x08002d35   Thumb Code   206  briupsdio.o(i.SD_Init)
    SD_InitializeCards                       0x08002e25   Thumb Code   240  briupsdio.o(i.SD_InitializeCards)
    SD_PowerON                               0x08002f29   Thumb Code   378  briupsdio.o(i.SD_PowerON)
    SD_ProcessIRQSrc                         0x080030b5   Thumb Code   310  briupsdio.o(i.SD_ProcessIRQSrc)
    SD_ReadBlock                             0x080031fd   Thumb Code   488  briupsdio.o(i.SD_ReadBlock)
    SD_ReadDisk                              0x08003409   Thumb Code   112  briupsdio.o(i.SD_ReadDisk)
    SD_ReadMultiBlocks                       0x08003481   Thumb Code   566  briupsdio.o(i.SD_ReadMultiBlocks)
    SD_SelectDeselect                        0x080036dd   Thumb Code    22  briupsdio.o(i.SD_SelectDeselect)
    SD_SetDeviceMode                         0x080036f5   Thumb Code    20  briupsdio.o(i.SD_SetDeviceMode)
    SD_WriteBlock                            0x0800370d   Thumb Code   708  briupsdio.o(i.SD_WriteBlock)
    SD_WriteDisk                             0x080039f9   Thumb Code   112  briupsdio.o(i.SD_WriteDisk)
    SD_WriteMultiBlocks                      0x08003a71   Thumb Code   780  briupsdio.o(i.SD_WriteMultiBlocks)
    SysTick_Handler                          0x08003e8d   Thumb Code    16  briupdelay.o(i.SysTick_Handler)
    SystemInit                               0x08003e9d   Thumb Code    78  system_stm32f10x.o(i.SystemInit)
    TIM2_IRQHandler                          0x08003efd   Thumb Code    48  briuptim2.o(i.TIM2_IRQHandler)
    USART1_IRQHandler                        0x08003f31   Thumb Code    28  briupusart.o(i.USART1_IRQHandler)
    __ARM_fpclassify                         0x08003f65   Thumb Code    40  fpclassify.o(i.__ARM_fpclassify)
    _delay_init                              0x08003f8d   Thumb Code    80  briupdelay.o(i._delay_init)
    _delay_ms                                0x08003fed   Thumb Code   158  briupdelay.o(i._delay_ms)
    _delay_os_start                          0x08004099   Thumb Code    18  briupdelay.o(i._delay_os_start)
    _delay_s                                 0x080040ad   Thumb Code    66  briupdelay.o(i._delay_s)
    _delay_us                                0x080040f5   Thumb Code    66  briupdelay.o(i._delay_us)
    _is_digit                                0x08004137   Thumb Code    14  __printf_wp.o(i._is_digit)
    _sys_exit                                0x08004145   Thumb Code     6  briupusart.o(i._sys_exit)
    basePeriphInit                           0x0800414d   Thumb Code    80  briupbaseperiph.o(i.basePeriphInit)
    briupFSMCInit                            0x080041a9   Thumb Code   224  briupfsmc.o(i.briupFSMCInit)
    briupFontDrawGbkFont                     0x080042a9   Thumb Code   304  briupfontdraw.o(i.briupFontDrawGbkFont)
    briupFontDrawText                        0x080043e1   Thumb Code   134  briupfontdraw.o(i.briupFontDrawText)
    briupFontInit                            0x08004469   Thumb Code    42  briupfontdraw.o(i.briupFontInit)
    briupLcdClear                            0x080044a5   Thumb Code    40  briuplcd.o(i.briupLcdClear)
    briupLcdFastDrawDirection                0x080044d5   Thumb Code   588  briuplcd.o(i.briupLcdFastDrawDirection)
    briupLcdFastDrawPoint                    0x08004725   Thumb Code    62  briuplcd.o(i.briupLcdFastDrawPoint)
    briupLcdInit                             0x08004769   Thumb Code   662  briuplcd.o(i.briupLcdInit)
    briupLcdShowChar                         0x08004a11   Thumb Code   404  briuplcd.o(i.briupLcdShowChar)
    briupNVICGroupInit                       0x08004bb9   Thumb Code    34  briupnvic.o(i.briupNVICGroupInit)
    briupNVICPriorityConfig                  0x08004be9   Thumb Code    82  briupnvic.o(i.briupNVICPriorityConfig)
    briupUsart1Init                          0x08004c45   Thumb Code   200  briupusart.o(i.briupUsart1Init)
    clust2sect                               0x08004df7   Thumb Code    26  ff.o(i.clust2sect)
    convert_from_bytes_to_power_of_two       0x08004ea1   Thumb Code    18  briupsdio.o(i.convert_from_bytes_to_power_of_two)
    disk_initialize                          0x080056db   Thumb Code    48  diskio.o(i.disk_initialize)
    disk_read                                0x0800570b   Thumb Code    68  diskio.o(i.disk_read)
    disk_status                              0x0800574f   Thumb Code     6  diskio.o(i.disk_status)
    disk_write                               0x08005755   Thumb Code    98  diskio.o(i.disk_write)
    f_lseek                                  0x080057b7   Thumb Code   654  ff.o(i.f_lseek)
    f_mount                                  0x08005a45   Thumb Code    86  ff.o(i.f_mount)
    f_open                                   0x08005aa1   Thumb Code   384  ff.o(i.f_open)
    f_opendir                                0x08005c21   Thumb Code   136  ff.o(i.f_opendir)
    f_read                                   0x08005ca9   Thumb Code   432  ff.o(i.f_read)
    f_readdir                                0x08005e59   Thumb Code   114  ff.o(i.f_readdir)
    ff_convert                               0x08005ecd   Thumb Code   116  cc936.o(i.ff_convert)
    ff_memalloc                              0x08005f49   Thumb Code    14  diskio.o(i.ff_memalloc)
    ff_memfree                               0x08005f57   Thumb Code    14  diskio.o(i.ff_memfree)
    ff_wtoupper                              0x08005f65   Thumb Code    46  cc936.o(i.ff_wtoupper)
    fputc                                    0x08006435   Thumb Code    22  briupusart.o(i.fputc)
    get_fat                                  0x08006519   Thumb Code   232  ff.o(i.get_fat)
    get_fattime                              0x08006601   Thumb Code     4  diskio.o(i.get_fattime)
    lcdDrawChr                               0x0800675d   Thumb Code   202  briuplcd.o(i.lcdDrawChr)
    lcdDrawLine                              0x08006835   Thumb Code   132  briuplcd.o(i.lcdDrawLine)
    lcdDrawPoint                             0x080068b9   Thumb Code    30  briuplcd.o(i.lcdDrawPoint)
    lcdDrawRect                              0x080068dd   Thumb Code   156  briuplcd.o(i.lcdDrawRect)
    lcdDrawStr                               0x0800697d   Thumb Code   126  briuplcd.o(i.lcdDrawStr)
    lcdSetCursor                             0x080069fd   Thumb Code    56  briuplcd.o(i.lcdSetCursor)
    lcdSetWindow                             0x08006a39   Thumb Code    58  briuplcd.o(i.lcdSetWindow)
    main                                     0x08006a99   Thumb Code   156  main.o(i.main)
    mem_free                                 0x08006bdd   Thumb Code    96  malloc.o(i.mem_free)
    mem_init                                 0x08006c49   Thumb Code    54  malloc.o(i.mem_init)
    mem_malloc                               0x08006c8d   Thumb Code   164  malloc.o(i.mem_malloc)
    mem_perused                              0x08006d3d   Thumb Code    54  malloc.o(i.mem_perused)
    mp3DevicesInit                           0x08006dc5   Thumb Code   100  main.o(i.mp3DevicesInit)
    musicControlTask                         0x08006ea1   Thumb Code    28  musiccontrol.o(i.musicControlTask)
    musicPlayerTask                          0x08006ef1   Thumb Code   134  musicplayer.o(i.musicPlayerTask)
    musicUITask                              0x08007035   Thumb Code    76  musicui.o(i.musicUITask)
    myfree                                   0x080070b5   Thumb Code    30  malloc.o(i.myfree)
    mymalloc                                 0x080070d9   Thumb Code    34  malloc.o(i.mymalloc)
    mymemset                                 0x08007101   Thumb Code    20  malloc.o(i.mymemset)
    put_fat                                  0x08007189   Thumb Code   310  ff.o(i.put_fat)
    resetBeep                                0x0800732d   Thumb Code    14  briupbaseperiph.o(i.resetBeep)
    resetLed                                 0x08007341   Thumb Code    12  briupbaseperiph.o(i.resetLed)
    resetRelay                               0x08007351   Thumb Code    38  briupbaseperiph.o(i.resetRelay)
    setBeep                                  0x08007381   Thumb Code    14  briupbaseperiph.o(i.setBeep)
    setLed                                   0x08007395   Thumb Code    12  briupbaseperiph.o(i.setLed)
    sqrt                                     0x080073a5   Thumb Code    76  sqrt.o(i.sqrt)
    startTask                                0x08007401   Thumb Code    76  main.o(i.startTask)
    tp_adjust                                0x080074d9   Thumb Code  1574  briuptouch.o(i.tp_adjust)
    tp_drawAdjustPoint                       0x08007b7d   Thumb Code   110  briuptouch.o(i.tp_drawAdjustPoint)
    tp_init                                  0x08007bed   Thumb Code   182  briuptouch.o(i.tp_init)
    tp_printAdjustInfo                       0x08007cc1   Thumb Code    58  briuptouch.o(i.tp_printAdjustInfo)
    tp_readAD                                0x08007d59   Thumb Code   172  briuptouch.o(i.tp_readAD)
    tp_readXandY                             0x08007e0d   Thumb Code    42  briuptouch.o(i.tp_readXandY)
    tp_readXandY2                            0x08007e3d   Thumb Code   192  briuptouch.o(i.tp_readXandY2)
    tp_readXorY                              0x08007efd   Thumb Code   120  briuptouch.o(i.tp_readXorY)
    tp_scan                                  0x08007f75   Thumb Code   248  briuptouch.o(i.tp_scan)
    tp_spiWbyte                              0x08008075   Thumb Code    74  briuptouch.o(i.tp_spiWbyte)
    usart1GetChar                            0x080080c9   Thumb Code    24  briupusart.o(i.usart1GetChar)
    _get_lc_numeric                          0x0800811d   Thumb Code    44  lc_numeric_c.o(locale$$code)
    __aeabi_dadd                             0x08008149   Thumb Code     0  daddsub_clz.o(x$fpl$dadd)
    _dadd                                    0x08008149   Thumb Code   332  daddsub_clz.o(x$fpl$dadd)
    __fpl_dcmp_Inf                           0x08008299   Thumb Code    24  dcmpi.o(x$fpl$dcmpinf)
    __aeabi_ddiv                             0x080082b1   Thumb Code     0  ddiv.o(x$fpl$ddiv)
    _ddiv                                    0x080082b1   Thumb Code   552  ddiv.o(x$fpl$ddiv)
    __aeabi_d2uiz                            0x08008561   Thumb Code     0  dfixu.o(x$fpl$dfixu)
    _dfixu                                   0x08008561   Thumb Code    90  dfixu.o(x$fpl$dfixu)
    __aeabi_ui2d                             0x080085bb   Thumb Code     0  dflt_clz.o(x$fpl$dfltu)
    _dfltu                                   0x080085bb   Thumb Code    38  dflt_clz.o(x$fpl$dfltu)
    __aeabi_cdcmple                          0x080085e1   Thumb Code     0  dleqf.o(x$fpl$dleqf)
    _dcmple                                  0x080085e1   Thumb Code   120  dleqf.o(x$fpl$dleqf)
    __fpl_dcmple_InfNaN                      0x08008643   Thumb Code     0  dleqf.o(x$fpl$dleqf)
    __aeabi_dmul                             0x08008659   Thumb Code     0  dmul.o(x$fpl$dmul)
    _dmul                                    0x08008659   Thumb Code   332  dmul.o(x$fpl$dmul)
    __fpl_dnaninf                            0x080087ad   Thumb Code   156  dnaninf.o(x$fpl$dnaninf)
    __fpl_dretinf                            0x08008849   Thumb Code    12  dretinf.o(x$fpl$dretinf)
    __aeabi_cdrcmple                         0x08008855   Thumb Code     0  drleqf.o(x$fpl$drleqf)
    _drcmple                                 0x08008855   Thumb Code   108  drleqf.o(x$fpl$drleqf)
    __aeabi_drsub                            0x080088c1   Thumb Code     0  daddsub_clz.o(x$fpl$drsb)
    _drsb                                    0x080088c1   Thumb Code    22  daddsub_clz.o(x$fpl$drsb)
    _dsqrt                                   0x080088d9   Thumb Code   456  dsqrt_noumaal.o(x$fpl$dsqrt)
    __aeabi_dsub                             0x08008aa5   Thumb Code     0  daddsub_clz.o(x$fpl$dsub)
    _dsub                                    0x08008aa5   Thumb Code   464  daddsub_clz.o(x$fpl$dsub)
    __aeabi_f2d                              0x08008c79   Thumb Code     0  f2d.o(x$fpl$f2d)
    _f2d                                     0x08008c79   Thumb Code    86  f2d.o(x$fpl$f2d)
    __aeabi_fadd                             0x08008cd1   Thumb Code     0  faddsub_clz.o(x$fpl$fadd)
    _fadd                                    0x08008cd1   Thumb Code   196  faddsub_clz.o(x$fpl$fadd)
    __aeabi_fdiv                             0x08008d95   Thumb Code     0  fdiv.o(x$fpl$fdiv)
    _fdiv                                    0x08008d95   Thumb Code   384  fdiv.o(x$fpl$fdiv)
    __aeabi_f2iz                             0x08008f19   Thumb Code     0  ffix.o(x$fpl$ffix)
    _ffix                                    0x08008f19   Thumb Code    54  ffix.o(x$fpl$ffix)
    __aeabi_f2uiz                            0x08008f51   Thumb Code     0  ffixu.o(x$fpl$ffixu)
    _ffixu                                   0x08008f51   Thumb Code    62  ffixu.o(x$fpl$ffixu)
    __aeabi_i2f                              0x08008f91   Thumb Code     0  fflt_clz.o(x$fpl$fflt)
    _fflt                                    0x08008f91   Thumb Code    48  fflt_clz.o(x$fpl$fflt)
    __aeabi_ui2f                             0x08008fc1   Thumb Code     0  fflt_clz.o(x$fpl$ffltu)
    _ffltu                                   0x08008fc1   Thumb Code    38  fflt_clz.o(x$fpl$ffltu)
    __aeabi_fmul                             0x08008fe9   Thumb Code     0  fmul.o(x$fpl$fmul)
    _fmul                                    0x08008fe9   Thumb Code   258  fmul.o(x$fpl$fmul)
    __fpl_fnaninf                            0x080090eb   Thumb Code   140  fnaninf.o(x$fpl$fnaninf)
    __fpl_fretinf                            0x08009177   Thumb Code    10  fretinf.o(x$fpl$fretinf)
    __aeabi_frsub                            0x08009181   Thumb Code     0  faddsub_clz.o(x$fpl$frsb)
    _frsb                                    0x08009181   Thumb Code    20  faddsub_clz.o(x$fpl$frsb)
    __aeabi_fsub                             0x08009195   Thumb Code     0  faddsub_clz.o(x$fpl$fsub)
    _fsub                                    0x08009195   Thumb Code   234  faddsub_clz.o(x$fpl$fsub)
    _printf_fp_dec                           0x0800927f   Thumb Code     4  printf1.o(x$fpl$printf1)
    GBK16_PATH                               0x08009282   Data          25  briupfontdraw.o(.constdata)
    __I$use$fp                               0x08009282   Number         0  usenofp.o(x$fpl$usenofp)
    GBK32_PATH                               0x0800929b   Data          25  briupfontdraw.o(.constdata)
    asc2_1206                                0x080092b4   Data        1140  briuplcd.o(.constdata)
    asc2_1608                                0x08009728   Data        1520  briuplcd.o(.constdata)
    asc2_3210                                0x08009d18   Data        6080  briuplcd.o(.constdata)
    memtblsize                               0x080361dc   Data           8  malloc.o(.constdata)
    memblksize                               0x080361e4   Data           8  malloc.o(.constdata)
    memsize                                  0x080361ec   Data           8  malloc.o(.constdata)
    OSUnMapTbl                               0x080361f4   Data         256  os_core.o(.constdata)
    Region$$Table$$Base                      0x080363d0   Number         0  anon$$obj.o(Region$$Table)
    Region$$Table$$Limit                     0x080363f0   Number         0  anon$$obj.o(Region$$Table)
    fac_us                                   0x20000004   Data           4  briupdelay.o(.data)
    fac_ms                                   0x20000008   Data           4  briupdelay.o(.data)
    fac_ms_ucos                              0x2000000c   Data           4  briupdelay.o(.data)
    POINT_COLOR                              0x20000010   Data           2  briuplcd.o(.data)
    BACK_COLOR                               0x20000012   Data           2  briuplcd.o(.data)
    __stdout                                 0x20000018   Data           4  briupusart.o(.data)
    TransferError                            0x2000004e   Data           1  briupsdio.o(.data)
    TransferEnd                              0x2000004f   Data           1  briupsdio.o(.data)
    mallco_dev                               0x2000005c   Data          28  malloc.o(.data)
    OSCtxSwCtr                               0x20000078   Data           4  os_core.o(.data)
    OSEventFreeList                          0x2000007c   Data           4  os_core.o(.data)
    OSFlagFreeList                           0x20000080   Data           4  os_core.o(.data)
    OSCPUUsage                               0x20000084   Data           1  os_core.o(.data)
    OSIdleCtrMax                             0x20000088   Data           4  os_core.o(.data)
    OSIdleCtrRun                             0x2000008c   Data           4  os_core.o(.data)
    OSStatRdy                                0x20000090   Data           1  os_core.o(.data)
    OSIntNesting                             0x20000091   Data           1  os_core.o(.data)
    OSLockNesting                            0x20000092   Data           1  os_core.o(.data)
    OSPrioCur                                0x20000093   Data           1  os_core.o(.data)
    OSPrioHighRdy                            0x20000094   Data           1  os_core.o(.data)
    OSRdyGrp                                 0x20000095   Data           1  os_core.o(.data)
    OSRdyTbl                                 0x20000096   Data           8  os_core.o(.data)
    OSRunning                                0x2000009e   Data           1  os_core.o(.data)
    OSTaskCtr                                0x2000009f   Data           1  os_core.o(.data)
    OSIdleCtr                                0x200000a0   Data           4  os_core.o(.data)
    OSTCBCur                                 0x200000a4   Data           4  os_core.o(.data)
    OSTCBFreeList                            0x200000a8   Data           4  os_core.o(.data)
    OSTCBHighRdy                             0x200000ac   Data           4  os_core.o(.data)
    OSTCBList                                0x200000b0   Data           4  os_core.o(.data)
    OSTickStepState                          0x200000b4   Data           1  os_core.o(.data)
    OSQFreeList                              0x200000b8   Data           4  os_core.o(.data)
    OSTime                                   0x200000bc   Data           4  os_core.o(.data)
    fs                                       0x200005c0   Data         560  main.o(.bss)
    briupFontBase                            0x200007f0   Data        1112  briupfontdraw.o(.bss)
    dir                                      0x20000c48   Data          36  musicplayer.o(.bss)
    file                                     0x20000c6c   Data         552  musicplayer.o(.bss)
    fno                                      0x20000e94   Data          32  musicplayer.o(.bss)
    lcddev                                   0x20000eb4   Data          10  briuplcd.o(.bss)
    SDCardInfo                               0x20000ee0   Data          88  briupsdio.o(.bss)
    SDIO_DATA_BUFFER                         0x20000f38   Data         512  briupsdio.o(.bss)
    mem1base                                 0x20001138   Data       40960  malloc.o(.bss)
    mem1mapbase                              0x2000b138   Data        2560  malloc.o(.bss)
    OSEventTbl                               0x2000bb38   Data         200  os_core.o(.bss)
    OSFlagTbl                                0x2000bc00   Data          80  os_core.o(.bss)
    OSTaskStatStk                            0x2000bc50   Data         512  os_core.o(.bss)
    OSTaskIdleStk                            0x2000be50   Data         512  os_core.o(.bss)
    OSTCBPrioTbl                             0x2000c050   Data         256  os_core.o(.bss)
    OSTCBTbl                                 0x2000c150   Data        1008  os_core.o(.bss)
    OSQTbl                                   0x2000c540   Data         120  os_core.o(.bss)
    __libspace_start                         0x2000c5b8   Data          96  libspace.o(.bss)
    __temporary_stack_top$libspace           0x2000c618   Data           0  libspace.o(.bss)
    mem2base                                 0x68000000   Data       204800  malloc.o(.ARM.__AT_0x68000000)
    mem2mapbase                              0x68032000   Data       12800  malloc.o(.ARM.__AT_0x68032000)
    MUSIC_TASK_STACK                         0x68100000   Data        8192  musicplayer.o(.ARM.__AT_0x68100000)
    MUI_TASK_STACK                           0x68110000   Data       20480  musicui.o(.ARM.__AT_0x68110000)
    MCTRL_TASK_STACK                         0x68120000   Data        8192  musiccontrol.o(.ARM.__AT_0x68120000)



==============================================================================

Memory Map of the image

  Image Entry point : 0x08000131

  Load Region LR_IROM1 (Base: 0x08000000, Size: 0x000364cc, Max: 0x00080000, ABSOLUTE)

    Execution Region ER_IROM1 (Base: 0x08000000, Size: 0x0003640c, Max: 0x00080000, ABSOLUTE)

    Base Addr    Size         Type   Attr      Idx    E Section Name        Object

    0x08000000   0x00000130   Data   RO         2273    RESET               startup_stm32f10x_hd.o
    0x08000130   0x00000008   Code   RO         3355  * !!!main             c_w.l(__main.o)
    0x08000138   0x00000034   Code   RO         3732    !!!scatter          c_w.l(__scatter.o)
    0x0800016c   0x0000001a   Code   RO         3734    !!handler_copy      c_w.l(__scatter_copy.o)
    0x08000186   0x00000002   PAD
    0x08000188   0x0000001c   Code   RO         3736    !!handler_zi        c_w.l(__scatter_zi.o)
    0x080001a4   0x00000000   Code   RO         3344    .ARM.Collect$$_printf_percent$$00000000  c_w.l(_printf_percent.o)
    0x080001a4   0x00000006   Code   RO         3343    .ARM.Collect$$_printf_percent$$00000003  c_w.l(_printf_f.o)
    0x080001aa   0x00000006   Code   RO         3342    .ARM.Collect$$_printf_percent$$00000009  c_w.l(_printf_d.o)
    0x080001b0   0x00000006   Code   RO         3341    .ARM.Collect$$_printf_percent$$0000000C  c_w.l(_printf_x.o)
    0x080001b6   0x00000006   Code   RO         3339    .ARM.Collect$$_printf_percent$$00000013  c_w.l(_printf_c.o)
    0x080001bc   0x00000006   Code   RO         3340    .ARM.Collect$$_printf_percent$$00000014  c_w.l(_printf_s.o)
    0x080001c2   0x00000004   Code   RO         3460    .ARM.Collect$$_printf_percent$$00000017  c_w.l(_printf_percent_end.o)
    0x080001c6   0x00000002   Code   RO         3600    .ARM.Collect$$libinit$$00000000  c_w.l(libinit.o)
    0x080001c8   0x00000000   Code   RO         3602    .ARM.Collect$$libinit$$00000002  c_w.l(libinit2.o)
    0x080001c8   0x00000000   Code   RO         3604    .ARM.Collect$$libinit$$00000004  c_w.l(libinit2.o)
    0x080001c8   0x00000000   Code   RO         3607    .ARM.Collect$$libinit$$0000000A  c_w.l(libinit2.o)
    0x080001c8   0x00000000   Code   RO         3609    .ARM.Collect$$libinit$$0000000C  c_w.l(libinit2.o)
    0x080001c8   0x00000000   Code   RO         3611    .ARM.Collect$$libinit$$0000000E  c_w.l(libinit2.o)
    0x080001c8   0x00000006   Code   RO         3612    .ARM.Collect$$libinit$$0000000F  c_w.l(libinit2.o)
    0x080001ce   0x00000000   Code   RO         3614    .ARM.Collect$$libinit$$00000011  c_w.l(libinit2.o)
    0x080001ce   0x00000000   Code   RO         3616    .ARM.Collect$$libinit$$00000013  c_w.l(libinit2.o)
    0x080001ce   0x00000000   Code   RO         3618    .ARM.Collect$$libinit$$00000015  c_w.l(libinit2.o)
    0x080001ce   0x0000000a   Code   RO         3619    .ARM.Collect$$libinit$$00000016  c_w.l(libinit2.o)
    0x080001d8   0x00000000   Code   RO         3620    .ARM.Collect$$libinit$$00000017  c_w.l(libinit2.o)
    0x080001d8   0x00000000   Code   RO         3622    .ARM.Collect$$libinit$$00000019  c_w.l(libinit2.o)
    0x080001d8   0x00000000   Code   RO         3624    .ARM.Collect$$libinit$$0000001B  c_w.l(libinit2.o)
    0x080001d8   0x00000000   Code   RO         3626    .ARM.Collect$$libinit$$0000001D  c_w.l(libinit2.o)
    0x080001d8   0x00000000   Code   RO         3628    .ARM.Collect$$libinit$$0000001F  c_w.l(libinit2.o)
    0x080001d8   0x00000000   Code   RO         3630    .ARM.Collect$$libinit$$00000021  c_w.l(libinit2.o)
    0x080001d8   0x00000000   Code   RO         3632    .ARM.Collect$$libinit$$00000023  c_w.l(libinit2.o)
    0x080001d8   0x00000000   Code   RO         3634    .ARM.Collect$$libinit$$00000025  c_w.l(libinit2.o)
    0x080001d8   0x00000000   Code   RO         3638    .ARM.Collect$$libinit$$0000002C  c_w.l(libinit2.o)
    0x080001d8   0x00000000   Code   RO         3640    .ARM.Collect$$libinit$$0000002E  c_w.l(libinit2.o)
    0x080001d8   0x00000000   Code   RO         3642    .ARM.Collect$$libinit$$00000030  c_w.l(libinit2.o)
    0x080001d8   0x00000000   Code   RO         3644    .ARM.Collect$$libinit$$00000032  c_w.l(libinit2.o)
    0x080001d8   0x00000002   Code   RO         3645    .ARM.Collect$$libinit$$00000033  c_w.l(libinit2.o)
    0x080001da   0x00000002   Code   RO         3691    .ARM.Collect$$libshutdown$$00000000  c_w.l(libshutdown.o)
    0x080001dc   0x00000000   Code   RO         3703    .ARM.Collect$$libshutdown$$00000003  c_w.l(libshutdown2.o)
    0x080001dc   0x00000000   Code   RO         3706    .ARM.Collect$$libshutdown$$00000006  c_w.l(libshutdown2.o)
    0x080001dc   0x00000000   Code   RO         3709    .ARM.Collect$$libshutdown$$00000009  c_w.l(libshutdown2.o)
    0x080001dc   0x00000000   Code   RO         3711    .ARM.Collect$$libshutdown$$0000000B  c_w.l(libshutdown2.o)
    0x080001dc   0x00000000   Code   RO         3714    .ARM.Collect$$libshutdown$$0000000E  c_w.l(libshutdown2.o)
    0x080001dc   0x00000002   Code   RO         3715    .ARM.Collect$$libshutdown$$0000000F  c_w.l(libshutdown2.o)
    0x080001de   0x00000000   Code   RO         3447    .ARM.Collect$$rtentry$$00000000  c_w.l(__rtentry.o)
    0x080001de   0x00000000   Code   RO         3512    .ARM.Collect$$rtentry$$00000002  c_w.l(__rtentry2.o)
    0x080001de   0x00000006   Code   RO         3524    .ARM.Collect$$rtentry$$00000004  c_w.l(__rtentry4.o)
    0x080001e4   0x00000000   Code   RO         3514    .ARM.Collect$$rtentry$$00000009  c_w.l(__rtentry2.o)
    0x080001e4   0x00000004   Code   RO         3515    .ARM.Collect$$rtentry$$0000000A  c_w.l(__rtentry2.o)
    0x080001e8   0x00000000   Code   RO         3517    .ARM.Collect$$rtentry$$0000000C  c_w.l(__rtentry2.o)
    0x080001e8   0x00000008   Code   RO         3518    .ARM.Collect$$rtentry$$0000000D  c_w.l(__rtentry2.o)
    0x080001f0   0x00000002   Code   RO         3648    .ARM.Collect$$rtexit$$00000000  c_w.l(rtexit.o)
    0x080001f2   0x00000000   Code   RO         3661    .ARM.Collect$$rtexit$$00000002  c_w.l(rtexit2.o)
    0x080001f2   0x00000004   Code   RO         3662    .ARM.Collect$$rtexit$$00000003  c_w.l(rtexit2.o)
    0x080001f6   0x00000006   Code   RO         3663    .ARM.Collect$$rtexit$$00000004  c_w.l(rtexit2.o)
    0x080001fc   0x00000040   Code   RO         2274    .text               startup_stm32f10x_hd.o
    0x0800023c   0x000000b4   Code   RO         3197    .text               os_cpu_a.o
    0x080002f0   0x00000018   Code   RO         3288    .text               c_w.l(noretval__2printf.o)
    0x08000308   0x00000052   Code   RO         3294    .text               c_w.l(_printf_str.o)
    0x0800035a   0x00000002   PAD
    0x0800035c   0x00000078   Code   RO         3296    .text               c_w.l(_printf_dec.o)
    0x080003d4   0x00000058   Code   RO         3301    .text               c_w.l(_printf_hex_int.o)
    0x0800042c   0x00000138   Code   RO         3331    .text               c_w.l(__printf_flags_wp.o)
    0x08000564   0x0000008a   Code   RO         3347    .text               c_w.l(rt_memcpy_v6.o)
    0x080005ee   0x00000006   Code   RO         3353    .text               c_w.l(heapauxi.o)
    0x080005f4   0x00000016   Code   RO         3450    .text               c_w.l(_rserrno.o)
    0x0800060a   0x000000b2   Code   RO         3452    .text               c_w.l(_printf_intcommon.o)
    0x080006bc   0x0000041a   Code   RO         3454    .text               c_w.l(_printf_fp_dec.o)
    0x08000ad6   0x0000002c   Code   RO         3456    .text               c_w.l(_printf_char.o)
    0x08000b02   0x00000002   PAD
    0x08000b04   0x00000024   Code   RO         3458    .text               c_w.l(_printf_char_file.o)
    0x08000b28   0x00000064   Code   RO         3461    .text               c_w.l(rt_memcpy_w.o)
    0x08000b8c   0x00000008   Code   RO         3533    .text               c_w.l(rt_locale_intlibspace.o)
    0x08000b94   0x00000008   Code   RO         3538    .text               c_w.l(rt_errno_addr_intlibspace.o)
    0x08000b9c   0x0000008a   Code   RO         3540    .text               c_w.l(lludiv10.o)
    0x08000c26   0x00000002   PAD
    0x08000c28   0x00000030   Code   RO         3542    .text               c_w.l(_printf_char_common.o)
    0x08000c58   0x00000080   Code   RO         3544    .text               c_w.l(_printf_fp_infnan.o)
    0x08000cd8   0x000000dc   Code   RO         3546    .text               c_w.l(bigflt0.o)
    0x08000db4   0x00000008   Code   RO         3571    .text               c_w.l(ferror.o)
    0x08000dbc   0x00000008   Code   RO         3582    .text               c_w.l(libspace.o)
    0x08000dc4   0x0000004a   Code   RO         3585    .text               c_w.l(sys_stackheap_outer.o)
    0x08000e0e   0x0000000c   Code   RO         3591    .text               c_w.l(exit.o)
    0x08000e1a   0x00000002   PAD
    0x08000e1c   0x00000080   Code   RO         3593    .text               c_w.l(strcmpv7m.o)
    0x08000e9c   0x0000003e   Code   RO         3549    CL$$btod_d2e        c_w.l(btod.o)
    0x08000eda   0x00000046   Code   RO         3551    CL$$btod_d2e_denorm_low  c_w.l(btod.o)
    0x08000f20   0x00000060   Code   RO         3550    CL$$btod_d2e_norm_op1  c_w.l(btod.o)
    0x08000f80   0x00000338   Code   RO         3559    CL$$btod_div_common  c_w.l(btod.o)
    0x080012b8   0x000000c6   Code   RO         3556    CL$$btod_e2e        c_w.l(btod.o)
    0x0800137e   0x00000028   Code   RO         3553    CL$$btod_ediv       c_w.l(btod.o)
    0x080013a6   0x00000028   Code   RO         3552    CL$$btod_emul       c_w.l(btod.o)
    0x080013ce   0x00000244   Code   RO         3558    CL$$btod_mult_common  c_w.l(btod.o)
    0x08001612   0x00000002   PAD
    0x08001614   0x00000034   Code   RO         1456    i.CmdError          briupsdio.o
    0x08001648   0x00000058   Code   RO         1457    i.CmdResp1Error     briupsdio.o
    0x080016a0   0x00000060   Code   RO         1458    i.CmdResp2Error     briupsdio.o
    0x08001700   0x00000038   Code   RO         1459    i.CmdResp3Error     briupsdio.o
    0x08001738   0x00000094   Code   RO         1460    i.CmdResp6Error     briupsdio.o
    0x080017cc   0x00000058   Code   RO         1461    i.CmdResp7Error     briupsdio.o
    0x08001824   0x0000015c   Code   RO         1771    i.FSMC_SRAM_init    briupexsram.o
    0x08001980   0x00000150   Code   RO         1462    i.FindSCR           briupsdio.o
    0x08001ad0   0x00000090   Code   RO         1463    i.IsCardProgramming  briupsdio.o
    0x08001b60   0x0000000c   Code   RO          400    i.LCD_RD_DATA       briuplcd.o
    0x08001b6c   0x0000000c   Code   RO          402    i.LCD_WR_DATA       briuplcd.o
    0x08001b78   0x0000000c   Code   RO          403    i.LCD_WR_REG        briuplcd.o
    0x08001b84   0x00000010   Code   RO          404    i.LCD_WriteReg      briuplcd.o
    0x08001b94   0x00000020   Code   RO            1    i.LEDTask           main.o
    0x08001bb4   0x0000002c   Code   RO         2559    i.OSInit            os_core.o
    0x08001be0   0x00000002   Code   RO         3200    i.OSInitHookBegin   os_cpu_c.o
    0x08001be2   0x00000002   Code   RO         3201    i.OSInitHookEnd     os_cpu_c.o
    0x08001be4   0x00000024   Code   RO         2560    i.OSIntEnter        os_core.o
    0x08001c08   0x00000090   Code   RO         2561    i.OSIntExit         os_core.o
    0x08001c98   0x00000048   Code   RO         2564    i.OSStart           os_core.o
    0x08001ce0   0x00000002   Code   RO         3202    i.OSTCBInitHook     os_cpu_c.o
    0x08001ce2   0x00000002   PAD
    0x08001ce4   0x000000a0   Code   RO         3060    i.OSTaskCreate      os_task.o
    0x08001d84   0x000000b8   Code   RO         3061    i.OSTaskCreateExt   os_task.o
    0x08001e3c   0x00000002   Code   RO         3203    i.OSTaskCreateHook  os_cpu_c.o
    0x08001e3e   0x00000002   Code   RO         3205    i.OSTaskIdleHook    os_cpu_c.o
    0x08001e40   0x00000070   Code   RO         3065    i.OSTaskNameSet     os_task.o
    0x08001eb0   0x00000002   Code   RO         3207    i.OSTaskStatHook    os_cpu_c.o
    0x08001eb2   0x00000002   PAD
    0x08001eb4   0x0000008c   Code   RO         3070    i.OSTaskStkChk      os_task.o
    0x08001f40   0x0000009a   Code   RO         3208    i.OSTaskStkInit     os_cpu_c.o
    0x08001fda   0x00000002   PAD
    0x08001fdc   0x000000a8   Code   RO         3071    i.OSTaskSuspend     os_task.o
    0x08002084   0x00000002   Code   RO         3209    i.OSTaskSwHook      os_cpu_c.o
    0x08002086   0x00000002   PAD
    0x08002088   0x00000078   Code   RO         3155    i.OSTimeDly         os_time.o
    0x08002100   0x00000060   Code   RO         3156    i.OSTimeDlyHMSM     os_time.o
    0x08002160   0x000000ec   Code   RO         2566    i.OSTimeTick        os_core.o
    0x0800224c   0x00000002   Code   RO         3210    i.OSTimeTickHook    os_cpu_c.o
    0x0800224e   0x00000002   PAD
    0x08002250   0x00000058   Code   RO         2754    i.OS_FlagInit       os_flag.o
    0x080022a8   0x00000054   Code   RO         2573    i.OS_InitEventList  os_core.o
    0x080022fc   0x00000054   Code   RO         2574    i.OS_InitMisc       os_core.o
    0x08002350   0x00000044   Code   RO         2575    i.OS_InitRdyList    os_core.o
    0x08002394   0x00000080   Code   RO         2576    i.OS_InitTCBList    os_core.o
    0x08002414   0x00000050   Code   RO         2577    i.OS_InitTaskIdle   os_core.o
    0x08002464   0x00000050   Code   RO         2578    i.OS_InitTaskStat   os_core.o
    0x080024b4   0x00000012   Code   RO         2579    i.OS_MemClr         os_core.o
    0x080024c6   0x00000002   PAD
    0x080024c8   0x00000050   Code   RO         2943    i.OS_QInit          os_q.o
    0x08002518   0x00000074   Code   RO         2581    i.OS_Sched          os_core.o
    0x0800258c   0x0000002c   Code   RO         2582    i.OS_SchedNew       os_core.o
    0x080025b8   0x00000134   Code   RO         2584    i.OS_TCBInit        os_core.o
    0x080026ec   0x00000028   Code   RO         2585    i.OS_TaskIdle       os_core.o
    0x08002714   0x00000088   Code   RO         2586    i.OS_TaskStat       os_core.o
    0x0800279c   0x0000003c   Code   RO         2587    i.OS_TaskStatStkChk  os_core.o
    0x080027d8   0x0000001a   Code   RO         3073    i.OS_TaskStkClr     os_task.o
    0x080027f2   0x00000002   PAD
    0x080027f4   0x00000080   Code   RO         1464    i.SDEnWideBus       briupsdio.o
    0x08002874   0x0000001c   Code   RO         1465    i.SDIO_Clock_Set    briupsdio.o
    0x08002890   0x00000008   Code   RO         1466    i.SDIO_IRQHandler   briupsdio.o
    0x08002898   0x00000040   Code   RO         1467    i.SDIO_Send_Cmd     briupsdio.o
    0x080028d8   0x00000048   Code   RO         1468    i.SDIO_Send_Data_Cfg  briupsdio.o
    0x08002920   0x00000098   Code   RO         1469    i.SD_DMA_Config     briupsdio.o
    0x080029b8   0x00000068   Code   RO         1470    i.SD_EnableWideBusOperation  briupsdio.o
    0x08002a20   0x00000314   Code   RO         1471    i.SD_GetCardInfo    briupsdio.o
    0x08002d34   0x000000f0   Code   RO         1472    i.SD_Init           briupsdio.o
    0x08002e24   0x00000104   Code   RO         1473    i.SD_InitializeCards  briupsdio.o
    0x08002f28   0x0000018c   Code   RO         1475    i.SD_PowerON        briupsdio.o
    0x080030b4   0x00000148   Code   RO         1476    i.SD_ProcessIRQSrc  briupsdio.o
    0x080031fc   0x0000020c   Code   RO         1477    i.SD_ReadBlock      briupsdio.o
    0x08003408   0x00000078   Code   RO         1478    i.SD_ReadDisk       briupsdio.o
    0x08003480   0x0000025c   Code   RO         1479    i.SD_ReadMultiBlocks  briupsdio.o
    0x080036dc   0x00000016   Code   RO         1480    i.SD_SelectDeselect  briupsdio.o
    0x080036f2   0x00000002   PAD
    0x080036f4   0x00000018   Code   RO         1481    i.SD_SetDeviceMode  briupsdio.o
    0x0800370c   0x000002ec   Code   RO         1482    i.SD_WriteBlock     briupsdio.o
    0x080039f8   0x00000078   Code   RO         1483    i.SD_WriteDisk      briupsdio.o
    0x08003a70   0x00000334   Code   RO         1484    i.SD_WriteMultiBlocks  briupsdio.o
    0x08003da4   0x00000008   Code   RO         2525    i.SetSysClock       system_stm32f10x.o
    0x08003dac   0x000000e0   Code   RO         2526    i.SetSysClockTo72   system_stm32f10x.o
    0x08003e8c   0x00000010   Code   RO          314    i.SysTick_Handler   briupdelay.o
    0x08003e9c   0x00000060   Code   RO         2528    i.SystemInit        system_stm32f10x.o
    0x08003efc   0x00000034   Code   RO          918    i.TIM2_IRQHandler   briuptim2.o
    0x08003f30   0x00000034   Code   RO          950    i.USART1_IRQHandler  briupusart.o
    0x08003f64   0x00000028   Code   RO         3506    i.__ARM_fpclassify  m_ws.l(fpclassify.o)
    0x08003f8c   0x00000060   Code   RO          315    i._delay_init       briupdelay.o
    0x08003fec   0x000000ac   Code   RO          316    i._delay_ms         briupdelay.o
    0x08004098   0x00000012   Code   RO          317    i._delay_os_start   briupdelay.o
    0x080040aa   0x00000002   PAD
    0x080040ac   0x00000048   Code   RO          318    i._delay_s          briupdelay.o
    0x080040f4   0x00000042   Code   RO          319    i._delay_us         briupdelay.o
    0x08004136   0x0000000e   Code   RO         3329    i._is_digit         c_w.l(__printf_wp.o)
    0x08004144   0x00000006   Code   RO          951    i._sys_exit         briupusart.o
    0x0800414a   0x00000002   PAD
    0x0800414c   0x0000005c   Code   RO          266    i.basePeriphInit    briupbaseperiph.o
    0x080041a8   0x00000100   Code   RO          359    i.briupFSMCInit     briupfsmc.o
    0x080042a8   0x00000138   Code   RO          171    i.briupFontDrawGbkFont  briupfontdraw.o
    0x080043e0   0x00000086   Code   RO          172    i.briupFontDrawText  briupfontdraw.o
    0x08004466   0x00000002   PAD
    0x08004468   0x0000003c   Code   RO          174    i.briupFontInit     briupfontdraw.o
    0x080044a4   0x00000030   Code   RO          405    i.briupLcdClear     briuplcd.o
    0x080044d4   0x00000250   Code   RO          409    i.briupLcdFastDrawDirection  briuplcd.o
    0x08004724   0x00000044   Code   RO          411    i.briupLcdFastDrawPoint  briuplcd.o
    0x08004768   0x000002a8   Code   RO          414    i.briupLcdInit      briuplcd.o
    0x08004a10   0x000001a8   Code   RO          415    i.briupLcdShowChar  briuplcd.o
    0x08004bb8   0x00000030   Code   RO          893    i.briupNVICGroupInit  briupnvic.o
    0x08004be8   0x0000005c   Code   RO          894    i.briupNVICPriorityConfig  briupnvic.o
    0x08004c44   0x000000dc   Code   RO          952    i.briupUsart1Init   briupusart.o
    0x08004d20   0x00000090   Code   RO         1841    i.check_fs          ff.o
    0x08004db0   0x00000014   Code   RO         1842    i.chk_chr           ff.o
    0x08004dc4   0x00000032   Code   RO         1843    i.clmt_clust        ff.o
    0x08004df6   0x0000001a   Code   RO         1844    i.clust2sect        ff.o
    0x08004e10   0x00000090   Code   RO         1845    i.cmp_lfn           ff.o
    0x08004ea0   0x00000012   Code   RO         1485    i.convert_from_bytes_to_power_of_two  briupsdio.o
    0x08004eb2   0x000000d6   Code   RO         1846    i.create_chain      ff.o
    0x08004f88   0x00000270   Code   RO         1847    i.create_name       ff.o
    0x080051f8   0x0000005c   Code   RO         1848    i.dir_alloc         ff.o
    0x08005254   0x000000ea   Code   RO         1849    i.dir_find          ff.o
    0x0800533e   0x00000110   Code   RO         1850    i.dir_next          ff.o
    0x0800544e   0x000000c4   Code   RO         1851    i.dir_read          ff.o
    0x08005512   0x0000012a   Code   RO         1852    i.dir_register      ff.o
    0x0800563c   0x0000009e   Code   RO         1854    i.dir_sdi           ff.o
    0x080056da   0x00000030   Code   RO         1783    i.disk_initialize   diskio.o
    0x0800570a   0x00000044   Code   RO         1785    i.disk_read         diskio.o
    0x0800574e   0x00000006   Code   RO         1786    i.disk_status       diskio.o
    0x08005754   0x00000062   Code   RO         1787    i.disk_write        diskio.o
    0x080057b6   0x0000028e   Code   RO         1860    i.f_lseek           ff.o
    0x08005a44   0x0000005c   Code   RO         1863    i.f_mount           ff.o
    0x08005aa0   0x00000180   Code   RO         1864    i.f_open            ff.o
    0x08005c20   0x00000088   Code   RO         1865    i.f_opendir         ff.o
    0x08005ca8   0x000001b0   Code   RO         1869    i.f_read            ff.o
    0x08005e58   0x00000072   Code   RO         1870    i.f_readdir         ff.o
    0x08005eca   0x00000002   PAD
    0x08005ecc   0x0000007c   Code   RO         2172    i.ff_convert        cc936.o
    0x08005f48   0x0000000e   Code   RO         1788    i.ff_memalloc       diskio.o
    0x08005f56   0x0000000e   Code   RO         1789    i.ff_memfree        diskio.o
    0x08005f64   0x00000038   Code   RO         2173    i.ff_wtoupper       cc936.o
    0x08005f9c   0x00000388   Code   RO         1878    i.find_volume       ff.o
    0x08006324   0x00000080   Code   RO         1879    i.fit_lfn           ff.o
    0x080063a4   0x00000090   Code   RO         1880    i.follow_path       ff.o
    0x08006434   0x0000001c   Code   RO          953    i.fputc             briupusart.o
    0x08006450   0x000000c8   Code   RO         1881    i.gen_numname       ff.o
    0x08006518   0x000000e8   Code   RO         1882    i.get_fat           ff.o
    0x08006600   0x00000004   Code   RO         1790    i.get_fattime       diskio.o
    0x08006604   0x0000010c   Code   RO         1883    i.get_fileinfo      ff.o
    0x08006710   0x0000004a   Code   RO         1884    i.get_ldnumber      ff.o
    0x0800675a   0x00000002   PAD
    0x0800675c   0x000000d8   Code   RO          418    i.lcdDrawChr        briuplcd.o
    0x08006834   0x00000084   Code   RO          419    i.lcdDrawLine       briuplcd.o
    0x080068b8   0x00000024   Code   RO          420    i.lcdDrawPoint      briuplcd.o
    0x080068dc   0x000000a0   Code   RO          421    i.lcdDrawRect       briuplcd.o
    0x0800697c   0x0000007e   Code   RO          422    i.lcdDrawStr        briuplcd.o
    0x080069fa   0x00000002   PAD
    0x080069fc   0x0000003c   Code   RO          425    i.lcdSetCursor      briuplcd.o
    0x08006a38   0x00000040   Code   RO          426    i.lcdSetWindow      briuplcd.o
    0x08006a78   0x00000020   Code   RO         1885    i.ld_clust          ff.o
    0x08006a98   0x00000104   Code   RO            2    i.main              main.o
    0x08006b9c   0x00000026   Code   RO         1886    i.mem_cmp           ff.o
    0x08006bc2   0x0000001a   Code   RO         1887    i.mem_cpy           ff.o
    0x08006bdc   0x0000006c   Code   RO         2201    i.mem_free          malloc.o
    0x08006c48   0x00000044   Code   RO         2202    i.mem_init          malloc.o
    0x08006c8c   0x000000b0   Code   RO         2203    i.mem_malloc        malloc.o
    0x08006d3c   0x00000040   Code   RO         2204    i.mem_perused       malloc.o
    0x08006d7c   0x00000014   Code   RO         1888    i.mem_set           ff.o
    0x08006d90   0x00000032   Code   RO         1889    i.move_window       ff.o
    0x08006dc2   0x00000002   PAD
    0x08006dc4   0x000000dc   Code   RO            3    i.mp3DevicesInit    main.o
    0x08006ea0   0x00000050   Code   RO          248    i.musicControlTask  musiccontrol.o
    0x08006ef0   0x00000144   Code   RO          205    i.musicPlayerTask   musicplayer.o
    0x08007034   0x00000080   Code   RO          230    i.musicUITask       musicui.o
    0x080070b4   0x00000024   Code   RO         2205    i.myfree            malloc.o
    0x080070d8   0x00000028   Code   RO         2206    i.mymalloc          malloc.o
    0x08007100   0x00000014   Code   RO         2208    i.mymemset          malloc.o
    0x08007114   0x00000074   Code   RO         1890    i.pick_lfn          ff.o
    0x08007188   0x00000136   Code   RO         1891    i.put_fat           ff.o
    0x080072be   0x0000006c   Code   RO         1893    i.remove_chain      ff.o
    0x0800732a   0x00000002   PAD
    0x0800732c   0x00000014   Code   RO          267    i.resetBeep         briupbaseperiph.o
    0x08007340   0x00000010   Code   RO          268    i.resetLed          briupbaseperiph.o
    0x08007350   0x00000030   Code   RO          269    i.resetRelay        briupbaseperiph.o
    0x08007380   0x00000014   Code   RO          270    i.setBeep           briupbaseperiph.o
    0x08007394   0x00000010   Code   RO          271    i.setLed            briupbaseperiph.o
    0x080073a4   0x0000004c   Code   RO         3440    i.sqrt              m_ws.l(sqrt.o)
    0x080073f0   0x00000010   Code   RO         1894    i.st_clust          ff.o
    0x08007400   0x0000006c   Code   RO            4    i.startTask         main.o
    0x0800746c   0x00000020   Code   RO         1895    i.sum_sfn           ff.o
    0x0800748c   0x0000004c   Code   RO         1897    i.sync_window       ff.o
    0x080074d8   0x000006a4   Code   RO         1371    i.tp_adjust         briuptouch.o
    0x08007b7c   0x0000006e   Code   RO         1372    i.tp_drawAdjustPoint  briuptouch.o
    0x08007bea   0x00000002   PAD
    0x08007bec   0x000000d4   Code   RO         1374    i.tp_init           briuptouch.o
    0x08007cc0   0x00000098   Code   RO         1375    i.tp_printAdjustInfo  briuptouch.o
    0x08007d58   0x000000b4   Code   RO         1376    i.tp_readAD         briuptouch.o
    0x08007e0c   0x00000030   Code   RO         1377    i.tp_readXandY      briuptouch.o
    0x08007e3c   0x000000c0   Code   RO         1378    i.tp_readXandY2     briuptouch.o
    0x08007efc   0x00000078   Code   RO         1379    i.tp_readXorY       briuptouch.o
    0x08007f74   0x00000100   Code   RO         1380    i.tp_scan           briuptouch.o
    0x08008074   0x00000054   Code   RO         1382    i.tp_spiWbyte       briuptouch.o
    0x080080c8   0x0000001c   Code   RO          954    i.usart1GetChar     briupusart.o
    0x080080e4   0x00000036   Code   RO         1898    i.validate          ff.o
    0x0800811a   0x00000002   PAD
    0x0800811c   0x0000002c   Code   RO         3576    locale$$code        c_w.l(lc_numeric_c.o)
    0x08008148   0x00000150   Code   RO         3359    x$fpl$dadd          fz_ws.l(daddsub_clz.o)
    0x08008298   0x00000018   Code   RO         3465    x$fpl$dcmpinf       fz_ws.l(dcmpi.o)
    0x080082b0   0x000002b0   Code   RO         3366    x$fpl$ddiv          fz_ws.l(ddiv.o)
    0x08008560   0x0000005a   Code   RO         3369    x$fpl$dfixu         fz_ws.l(dfixu.o)
    0x080085ba   0x00000026   Code   RO         3373    x$fpl$dfltu         fz_ws.l(dflt_clz.o)
    0x080085e0   0x00000078   Code   RO         3379    x$fpl$dleqf         fz_ws.l(dleqf.o)
    0x08008658   0x00000154   Code   RO         3381    x$fpl$dmul          fz_ws.l(dmul.o)
    0x080087ac   0x0000009c   Code   RO         3467    x$fpl$dnaninf       fz_ws.l(dnaninf.o)
    0x08008848   0x0000000c   Code   RO         3469    x$fpl$dretinf       fz_ws.l(dretinf.o)
    0x08008854   0x0000006c   Code   RO         3383    x$fpl$drleqf        fz_ws.l(drleqf.o)
    0x080088c0   0x00000016   Code   RO         3360    x$fpl$drsb          fz_ws.l(daddsub_clz.o)
    0x080088d6   0x00000002   PAD
    0x080088d8   0x000001cc   Code   RO         3471    x$fpl$dsqrt         fz_ws.l(dsqrt_noumaal.o)
    0x08008aa4   0x000001d4   Code   RO         3361    x$fpl$dsub          fz_ws.l(daddsub_clz.o)
    0x08008c78   0x00000056   Code   RO         3385    x$fpl$f2d           fz_ws.l(f2d.o)
    0x08008cce   0x00000002   PAD
    0x08008cd0   0x000000c4   Code   RO         3387    x$fpl$fadd          fz_ws.l(faddsub_clz.o)
    0x08008d94   0x00000184   Code   RO         3394    x$fpl$fdiv          fz_ws.l(fdiv.o)
    0x08008f18   0x00000036   Code   RO         3399    x$fpl$ffix          fz_ws.l(ffix.o)
    0x08008f4e   0x00000002   PAD
    0x08008f50   0x0000003e   Code   RO         3403    x$fpl$ffixu         fz_ws.l(ffixu.o)
    0x08008f8e   0x00000002   PAD
    0x08008f90   0x00000030   Code   RO         3408    x$fpl$fflt          fz_ws.l(fflt_clz.o)
    0x08008fc0   0x00000026   Code   RO         3407    x$fpl$ffltu         fz_ws.l(fflt_clz.o)
    0x08008fe6   0x00000002   PAD
    0x08008fe8   0x00000102   Code   RO         3415    x$fpl$fmul          fz_ws.l(fmul.o)
    0x080090ea   0x0000008c   Code   RO         3475    x$fpl$fnaninf       fz_ws.l(fnaninf.o)
    0x08009176   0x0000000a   Code   RO         3477    x$fpl$fretinf       fz_ws.l(fretinf.o)
    0x08009180   0x00000014   Code   RO         3388    x$fpl$frsb          fz_ws.l(faddsub_clz.o)
    0x08009194   0x000000ea   Code   RO         3389    x$fpl$fsub          fz_ws.l(faddsub_clz.o)
    0x0800927e   0x00000004   Code   RO         3419    x$fpl$printf1       fz_ws.l(printf1.o)
    0x08009282   0x00000000   Code   RO         3481    x$fpl$usenofp       fz_ws.l(usenofp.o)
    0x08009282   0x00000032   Data   RO          176    .constdata          briupfontdraw.o
    0x080092b4   0x00002224   Data   RO          428    .constdata          briuplcd.o
    0x0800b4d8   0x0000003a   Data   RO         1899    .constdata          ff.o
    0x0800b512   0x0002acc8   Data   RO         2174    .constdata          cc936.o
    0x080361da   0x00000002   PAD
    0x080361dc   0x00000018   Data   RO         2213    .constdata          malloc.o
    0x080361f4   0x00000100   Data   RO         2589    .constdata          os_core.o
    0x080362f4   0x00000028   Data   RO         3302    .constdata          c_w.l(_printf_hex_int.o)
    0x0803631c   0x00000011   Data   RO         3332    .constdata          c_w.l(__printf_flags_wp.o)
    0x0803632d   0x00000003   PAD
    0x08036330   0x00000094   Data   RO         3547    .constdata          c_w.l(bigflt0.o)
    0x080363c4   0x00000009   Data   RO          208    .conststring        musicplayer.o
    0x080363cd   0x00000003   PAD
    0x080363d0   0x00000020   Data   RO         3730    Region$$Table       anon$$obj.o
    0x080363f0   0x0000001c   Data   RO         3575    locale$$data        c_w.l(lc_numeric_c.o)


    Execution Region RW_IRAM1 (Base: 0x20000000, Size: 0x0000cc18, Max: 0x00010000, ABSOLUTE)

    Base Addr    Size         Type   Attr      Idx    E Section Name        Object

    0x20000000   0x00000004   Data   RW          209    .data               musicplayer.o
    0x20000004   0x0000000c   Data   RW          320    .data               briupdelay.o
    0x20000010   0x00000004   Data   RW          429    .data               briuplcd.o
    0x20000014   0x00000001   Data   RW          895    .data               briupnvic.o
    0x20000015   0x00000001   Data   RW          922    .data               briuptim2.o
    0x20000016   0x00000002   PAD
    0x20000018   0x00000004   Data   RW          957    .data               briupusart.o
    0x2000001c   0x00000028   Data   RW         1383    .data               briuptouch.o
    0x20000044   0x0000000c   Data   RW         1487    .data               briupsdio.o
    0x20000050   0x0000000a   Data   RW         1900    .data               ff.o
    0x2000005a   0x00000002   PAD
    0x2000005c   0x0000001c   Data   RW         2214    .data               malloc.o
    0x20000078   0x00000048   Data   RW         2590    .data               os_core.o
    0x200000c0   0x00000730   Zero   RW            5    .bss                main.o
    0x200007f0   0x00000458   Zero   RW          175    .bss                briupfontdraw.o
    0x20000c48   0x0000026c   Zero   RW          207    .bss                musicplayer.o
    0x20000eb4   0x0000000a   Zero   RW          427    .bss                briuplcd.o
    0x20000ebe   0x00000002   PAD
    0x20000ec0   0x00000278   Zero   RW         1486    .bss                briupsdio.o
    0x20001138   0x0000aa00   Zero   RW         2212    .bss                malloc.o
    0x2000bb38   0x00000a80   Zero   RW         2588    .bss                os_core.o
    0x2000c5b8   0x00000060   Zero   RW         3583    .bss                c_w.l(libspace.o)
    0x2000c618   0x00000200   Zero   RW         2272    HEAP                startup_stm32f10x_hd.o
    0x2000c818   0x00000400   Zero   RW         2271    STACK               startup_stm32f10x_hd.o



  Load Region LR$$.ARM.__AT_0x68000000 (Base: 0x68000000, Size: 0x00000000, Max: 0x00032000, ABSOLUTE)

    Execution Region ER$$.ARM.__AT_0x68000000 (Base: 0x68000000, Size: 0x00032000, Max: 0x00032000, ABSOLUTE, UNINIT)

    Base Addr    Size         Type   Attr      Idx    E Section Name        Object

    0x68000000   0x00032000   Zero   RW         2210    .ARM.__AT_0x68000000  malloc.o



  Load Region LR$$.ARM.__AT_0x68032000 (Base: 0x68032000, Size: 0x00000000, Max: 0x00003200, ABSOLUTE)

    Execution Region ER$$.ARM.__AT_0x68032000 (Base: 0x68032000, Size: 0x00003200, Max: 0x00003200, ABSOLUTE, UNINIT)

    Base Addr    Size         Type   Attr      Idx    E Section Name        Object

    0x68032000   0x00003200   Zero   RW         2211    .ARM.__AT_0x68032000  malloc.o



  Load Region LR$$.ARM.__AT_0x68100000 (Base: 0x68100000, Size: 0x00000000, Max: 0x00002000, ABSOLUTE)

    Execution Region ER$$.ARM.__AT_0x68100000 (Base: 0x68100000, Size: 0x00002000, Max: 0x00002000, ABSOLUTE, UNINIT)

    Base Addr    Size         Type   Attr      Idx    E Section Name        Object

    0x68100000   0x00002000   Zero   RW          206    .ARM.__AT_0x68100000  musicplayer.o



  Load Region LR$$.ARM.__AT_0x68110000 (Base: 0x68110000, Size: 0x00000000, Max: 0x00005000, ABSOLUTE)

    Execution Region ER$$.ARM.__AT_0x68110000 (Base: 0x68110000, Size: 0x00005000, Max: 0x00005000, ABSOLUTE, UNINIT)

    Base Addr    Size         Type   Attr      Idx    E Section Name        Object

    0x68110000   0x00005000   Zero   RW          231    .ARM.__AT_0x68110000  musicui.o



  Load Region LR$$.ARM.__AT_0x68120000 (Base: 0x68120000, Size: 0x00000000, Max: 0x00002000, ABSOLUTE)

    Execution Region ER$$.ARM.__AT_0x68120000 (Base: 0x68120000, Size: 0x00002000, Max: 0x00002000, ABSOLUTE, UNINIT)

    Base Addr    Size         Type   Attr      Idx    E Section Name        Object

    0x68120000   0x00002000   Zero   RW          249    .ARM.__AT_0x68120000  musiccontrol.o


==============================================================================

Image component sizes


      Code (inc. data)   RO Data    RW Data    ZI Data      Debug   Object Name

       212         42          0          0          0       2808   briupbaseperiph.o
       440         36          0         12          0       3469   briupdelay.o
       348         40          0          0          0        557   briupexsram.o
       506         26         50          0       1112       3325   briupfontdraw.o
       256         32          0          0          0        540   briupfsmc.o
      2658        114       8740          4         10      14319   briuplcd.o
       140         24          0          1          0       1703   briupnvic.o
      6576        378          0         12        632      32322   briupsdio.o
        52          4          0          1          0        986   briuptim2.o
      3054        346          0         40          0       7541   briuptouch.o
       334         54          0          4          0       4372   briupusart.o
       180         18     175304          0          0       2487   cc936.o
       252          0          0          0          0       4422   diskio.o
      7112         70         58         10          0      37596   ff.o
       620        256          0          0       1840     226220   main.o
       512         60         24         28     261120       5985   malloc.o
        80         52          0          0       8192       1010   musiccontrol.o
       324        190          9          4       8812       1258   musicplayer.o
       128         52          0          0      20480        995   musicui.o
      1778        354        256         72       2688      17941   os_core.o
       180         36          0          0          0        336   os_cpu_a.o
       170          0          0          0          0      12719   os_cpu_c.o
        88         14          0          0          0        586   os_flag.o
        80          8          0          0          0        559   os_q.o
       790         64          0          0          0       5232   os_task.o
       216         30          0          0          0       1336   os_time.o
        64         26        304          0       1536        892   startup_stm32f10x_hd.o
       328         28          0          0          0       2117   system_stm32f10x.o

    ----------------------------------------------------------------------
     27514       2354     184782        192     306424     393633   Object Totals
         0          0         32          0          0          0   (incl. Generated)
        36          0          5          4          2          0   (incl. Padding)

    ----------------------------------------------------------------------

      Code (inc. data)   RO Data    RW Data    ZI Data      Debug   Library Member Name

         8          0          0          0          0         68   __main.o
       312          4         17          0          0         92   __printf_flags_wp.o
        14          0          0          0          0         68   __printf_wp.o
         0          0          0          0          0          0   __rtentry.o
        12          0          0          0          0          0   __rtentry2.o
         6          0          0          0          0          0   __rtentry4.o
        52          8          0          0          0          0   __scatter.o
        26          0          0          0          0          0   __scatter_copy.o
        28          0          0          0          0          0   __scatter_zi.o
         6          0          0          0          0          0   _printf_c.o
        44          0          0          0          0        108   _printf_char.o
        48          6          0          0          0         96   _printf_char_common.o
        36          4          0          0          0         80   _printf_char_file.o
         6          0          0          0          0          0   _printf_d.o
       120         16          0          0          0         92   _printf_dec.o
         6          0          0          0          0          0   _printf_f.o
      1050          0          0          0          0        216   _printf_fp_dec.o
       128         16          0          0          0         84   _printf_fp_infnan.o
        88          4         40          0          0         88   _printf_hex_int.o
       178          0          0          0          0         88   _printf_intcommon.o
         0          0          0          0          0          0   _printf_percent.o
         4          0          0          0          0          0   _printf_percent_end.o
         6          0          0          0          0          0   _printf_s.o
        82          0          0          0          0         80   _printf_str.o
         6          0          0          0          0          0   _printf_x.o
        22          0          0          0          0        100   _rserrno.o
       220          4        148          0          0         96   bigflt0.o
      1910        128          0          0          0        672   btod.o
        12          0          0          0          0         72   exit.o
         8          0          0          0          0         68   ferror.o
         6          0          0          0          0        152   heapauxi.o
        44         10         28          0          0         76   lc_numeric_c.o
         2          0          0          0          0          0   libinit.o
        18          0          0          0          0          0   libinit2.o
         2          0          0          0          0          0   libshutdown.o
         2          0          0          0          0          0   libshutdown2.o
         8          4          0          0         96         68   libspace.o
       138          0          0          0          0         80   lludiv10.o
        24          4          0          0          0         84   noretval__2printf.o
         8          4          0          0          0         68   rt_errno_addr_intlibspace.o
         8          4          0          0          0         68   rt_locale_intlibspace.o
       138          0          0          0          0         68   rt_memcpy_v6.o
       100          0          0          0          0         80   rt_memcpy_w.o
         2          0          0          0          0          0   rtexit.o
        10          0          0          0          0          0   rtexit2.o
       128          0          0          0          0         68   strcmpv7m.o
        74          0          0          0          0         80   sys_stackheap_outer.o
       826         16          0          0          0        348   daddsub_clz.o
        24          0          0          0          0         68   dcmpi.o
       688        140          0          0          0        208   ddiv.o
        90          4          0          0          0         92   dfixu.o
        38          0          0          0          0         68   dflt_clz.o
       120          4          0          0          0         92   dleqf.o
       340         12          0          0          0        104   dmul.o
       156          4          0          0          0         92   dnaninf.o
        12          0          0          0          0         68   dretinf.o
       108          0          0          0          0         80   drleqf.o
       460         56          0          0          0        120   dsqrt_noumaal.o
        86          4          0          0          0         84   f2d.o
       450          8          0          0          0        236   faddsub_clz.o
       388         76          0          0          0         96   fdiv.o
        54          4          0          0          0         84   ffix.o
        62          4          0          0          0         84   ffixu.o
        86          0          0          0          0        136   fflt_clz.o
       258          4          0          0          0         84   fmul.o
       140          4          0          0          0         84   fnaninf.o
        10          0          0          0          0         68   fretinf.o
         4          0          0          0          0         68   printf1.o
         0          0          0          0          0          0   usenofp.o
        40          0          0          0          0         68   fpclassify.o
        76          0          0          0          0         84   sqrt.o

    ----------------------------------------------------------------------
      9688        556        236          0         96       5576   Library Totals
        22          0          3          0          0          0   (incl. Padding)

    ----------------------------------------------------------------------

      Code (inc. data)   RO Data    RW Data    ZI Data      Debug   Library Name

      5150        216        233          0         96       3060   c_w.l
      4400        340          0          0          0       2364   fz_ws.l
       116          0          0          0          0        152   m_ws.l

    ----------------------------------------------------------------------
      9688        556        236          0         96       5576   Library Totals

    ----------------------------------------------------------------------

==============================================================================


      Code (inc. data)   RO Data    RW Data    ZI Data      Debug   

     37202       2910     185018        192     306520     386933   Grand Totals
     37202       2910     185018        192     306520     386933   ELF Image Totals
     37202       2910     185018        192          0          0   ROM Totals

==============================================================================

    Total RO  Size (Code + RO Data)               222220 ( 217.01kB)
    Total RW  Size (RW Data + ZI Data)            306712 ( 299.52kB)
    Total ROM Size (Code + RO Data + RW Data)     222412 ( 217.20kB)

==============================================================================

