<html>
<body>
<pre>
<h1>µVision Build Log</h1>
<h2>Tool Versions:</h2>
IDE-Version: ¦ÌVision V5.14.0.0
Copyright (C) 2015 ARM Ltd and ARM Germany GmbH. All rights reserved.
License Information: liang AutoBVT, Microsoft, LIC=P6F8T-RTIRH-TLUCD-8YE1R-EZBPK-56WBY
 
Tool Versions:
Toolchain:       MDK-ARM Professional  Version: 5.14.0.0
Toolchain Path:  D:\Keil_v5\ARM\ARMCC\Bin
C Compiler:      Armcc.exe V5.05 update 1 (build 106)
Assembler:       Armasm.exe V5.05 update 1 (build 106)
Linker/Locator:  ArmLink.exe V5.05 update 1 (build 106)
Library Manager: ArmAr.exe V5.05 update 1 (build 106)
Hex Converter:   FromElf.exe V5.05 update 1 (build 106)
CPU DLL:         SARMCM3.DLL V5.14.0.0
Dialog DLL:      DCM.DLL V1.13.1.0
Target DLL:      Segger\JL2CM3.dll V2.99.13.0
Dialog DLL:      TCM.DLL V1.14.4.0
 
<h2>Project:</h2>
D:\ProngrammingProjects\UCosII\stm32_Mp3_V0_2_BaseTask\Project\stm32_ucosii.uvprojx
Project File Date:  01/12/2018

<h2>Output:</h2>
Rebuild target 'stm32_ucosii'
compiling main.c...
..\app\main.c(45): warning:  #128-D: loop is not reachable
        while(1);
..\app\main.c: 1 warning, 0 errors
compiling briupFontDraw.c...
compiling musicPlayer.c...
..\app\musicPlayer.c(67): warning:  #1-D: last line of file ends without a newline
  }
..\app\musicPlayer.c: 1 warning, 0 errors
compiling musicUI.c...
compiling musicControl.c...
..\app\musicControl.c(32): warning:  #1-D: last line of file ends without a newline
  }
..\app\musicControl.c(31): warning:  #128-D: loop is not reachable
      while(1);
..\app\musicControl.c: 2 warnings, 0 errors
compiling briupBasePeriph.c...
compiling briupDelay.c...
compiling briupFSMC.c...
compiling briupKeyboard.c...
compiling briupLCD.c...
compiling briupMPU6050.c...
compiling briupMPUDriver.c...
compiling briupNVIC.c...
compiling briupTIM2.c...
compiling briupUsart.c...
compiling inv_mpu.c...
compiling briupRTC.c...
compiling briupIWDG.c...
compiling briupTouch.c...
compiling briupSDIO.c...
compiling briupSPI.c...
compiling briupVS1003.c...
compiling briupEXSRAM.c...
compiling diskio.c...
compiling ff.c...
compiling cc936.c...
compiling malloc.c...
assembling startup_stm32f10x_hd.s...
compiling misc.c...
compiling stm32f10x_rcc.c...
compiling core_cm3.c...
compiling system_stm32f10x.c...
compiling os_core.c...
compiling os_flag.c...
compiling os_mbox.c...
compiling os_mem.c...
compiling os_mutex.c...
compiling os_q.c...
compiling os_sem.c...
compiling os_task.c...
compiling os_time.c...
compiling os_tmr.c...
assembling os_cpu_a.asm...
compiling os_cpu_c.c...
linking...
Program Size: Code=37202 RO-data=185018 RW-data=192 ZI-data=306520  
".\Objects\stm32_ucosii.axf" - 0 Error(s), 4 Warning(s).

<h2>Collection of Component include folders:</h2>
  D:\ProngrammingProjects\UCosII\stm32_Mp3_V0_2_BaseTask\Project\RTE
  D:\Keil_v5\ARM\PACK\Keil\STM32F1xx_DFP\2.1.0

<h2>Collection of Component Files used:</h2>
</pre>
</body>
</html>
